Archive member included to satisfy reference by file (symbol)

/usr/local/Caskroom/gcc-arm-embedded/9-2020-q2-update/gcc-arm-none-eabi-9-2020-q2-update/bin/../lib/gcc/arm-none-eabi/9.3.1/../../../../arm-none-eabi/lib/thumb/v7e-m+fp/hard/libc_nano.a(lib_a-exit.o)
                              /usr/local/Caskroom/gcc-arm-embedded/9-2020-q2-update/gcc-arm-none-eabi-9-2020-q2-update/bin/../lib/gcc/arm-none-eabi/9.3.1/../../../../arm-none-eabi/lib/thumb/v7e-m+fp/hard/crt0.o (exit)
/usr/local/Caskroom/gcc-arm-embedded/9-2020-q2-update/gcc-arm-none-eabi-9-2020-q2-update/bin/../lib/gcc/arm-none-eabi/9.3.1/../../../../arm-none-eabi/lib/thumb/v7e-m+fp/hard/libc_nano.a(lib_a-impure.o)
                              /usr/local/Caskroom/gcc-arm-embedded/9-2020-q2-update/gcc-arm-none-eabi-9-2020-q2-update/bin/../lib/gcc/arm-none-eabi/9.3.1/../../../../arm-none-eabi/lib/thumb/v7e-m+fp/hard/libc_nano.a(lib_a-exit.o) (_global_impure_ptr)
/usr/local/Caskroom/gcc-arm-embedded/9-2020-q2-update/gcc-arm-none-eabi-9-2020-q2-update/bin/../lib/gcc/arm-none-eabi/9.3.1/../../../../arm-none-eabi/lib/thumb/v7e-m+fp/hard/libc_nano.a(lib_a-init.o)
                              /usr/local/Caskroom/gcc-arm-embedded/9-2020-q2-update/gcc-arm-none-eabi-9-2020-q2-update/bin/../lib/gcc/arm-none-eabi/9.3.1/../../../../arm-none-eabi/lib/thumb/v7e-m+fp/hard/crt0.o (__libc_init_array)
/usr/local/Caskroom/gcc-arm-embedded/9-2020-q2-update/gcc-arm-none-eabi-9-2020-q2-update/bin/../lib/gcc/arm-none-eabi/9.3.1/../../../../arm-none-eabi/lib/thumb/v7e-m+fp/hard/libc_nano.a(lib_a-memcpy-stub.o)
                              _build/queue.o (memcpy)
/usr/local/Caskroom/gcc-arm-embedded/9-2020-q2-update/gcc-arm-none-eabi-9-2020-q2-update/bin/../lib/gcc/arm-none-eabi/9.3.1/../../../../arm-none-eabi/lib/thumb/v7e-m+fp/hard/libc_nano.a(lib_a-memset.o)
                              /usr/local/Caskroom/gcc-arm-embedded/9-2020-q2-update/gcc-arm-none-eabi-9-2020-q2-update/bin/../lib/gcc/arm-none-eabi/9.3.1/../../../../arm-none-eabi/lib/thumb/v7e-m+fp/hard/crt0.o (memset)
/usr/local/Caskroom/gcc-arm-embedded/9-2020-q2-update/gcc-arm-none-eabi-9-2020-q2-update/bin/../lib/gcc/arm-none-eabi/9.3.1/../../../../arm-none-eabi/lib/thumb/v7e-m+fp/hard/libc_nano.a(lib_a-nano-vfprintf_float.o)
                              (_printf_float)
/usr/local/Caskroom/gcc-arm-embedded/9-2020-q2-update/gcc-arm-none-eabi-9-2020-q2-update/bin/../lib/gcc/arm-none-eabi/9.3.1/../../../../arm-none-eabi/lib/thumb/v7e-m+fp/hard/libc_nano.a(lib_a-nano-vfprintf_i.o)
                              /usr/local/Caskroom/gcc-arm-embedded/9-2020-q2-update/gcc-arm-none-eabi-9-2020-q2-update/bin/../lib/gcc/arm-none-eabi/9.3.1/../../../../arm-none-eabi/lib/thumb/v7e-m+fp/hard/libc_nano.a(lib_a-nano-vfprintf_float.o) (_printf_common)
/usr/local/Caskroom/gcc-arm-embedded/9-2020-q2-update/gcc-arm-none-eabi-9-2020-q2-update/bin/../lib/gcc/arm-none-eabi/9.3.1/../../../../arm-none-eabi/lib/thumb/v7e-m+fp/hard/libc_nano.a(lib_a-sprintf.o)
                              _build/main.o (sprintf)
/usr/local/Caskroom/gcc-arm-embedded/9-2020-q2-update/gcc-arm-none-eabi-9-2020-q2-update/bin/../lib/gcc/arm-none-eabi/9.3.1/../../../../arm-none-eabi/lib/thumb/v7e-m+fp/hard/libc_nano.a(lib_a-strlen.o)
                              _build/logger.o (strlen)
/usr/local/Caskroom/gcc-arm-embedded/9-2020-q2-update/gcc-arm-none-eabi-9-2020-q2-update/bin/../lib/gcc/arm-none-eabi/9.3.1/../../../../arm-none-eabi/lib/thumb/v7e-m+fp/hard/libc_nano.a(lib_a-dtoa.o)
                              /usr/local/Caskroom/gcc-arm-embedded/9-2020-q2-update/gcc-arm-none-eabi-9-2020-q2-update/bin/../lib/gcc/arm-none-eabi/9.3.1/../../../../arm-none-eabi/lib/thumb/v7e-m+fp/hard/libc_nano.a(lib_a-nano-vfprintf_float.o) (_dtoa_r)
/usr/local/Caskroom/gcc-arm-embedded/9-2020-q2-update/gcc-arm-none-eabi-9-2020-q2-update/bin/../lib/gcc/arm-none-eabi/9.3.1/../../../../arm-none-eabi/lib/thumb/v7e-m+fp/hard/libc_nano.a(lib_a-localeconv.o)
                              /usr/local/Caskroom/gcc-arm-embedded/9-2020-q2-update/gcc-arm-none-eabi-9-2020-q2-update/bin/../lib/gcc/arm-none-eabi/9.3.1/../../../../arm-none-eabi/lib/thumb/v7e-m+fp/hard/libc_nano.a(lib_a-nano-vfprintf_float.o) (_localeconv_r)
/usr/local/Caskroom/gcc-arm-embedded/9-2020-q2-update/gcc-arm-none-eabi-9-2020-q2-update/bin/../lib/gcc/arm-none-eabi/9.3.1/../../../../arm-none-eabi/lib/thumb/v7e-m+fp/hard/libc_nano.a(lib_a-malloc.o)
                              /usr/local/Caskroom/gcc-arm-embedded/9-2020-q2-update/gcc-arm-none-eabi-9-2020-q2-update/bin/../lib/gcc/arm-none-eabi/9.3.1/../../../../arm-none-eabi/lib/thumb/v7e-m+fp/hard/libc_nano.a(lib_a-dtoa.o) (malloc)
/usr/local/Caskroom/gcc-arm-embedded/9-2020-q2-update/gcc-arm-none-eabi-9-2020-q2-update/bin/../lib/gcc/arm-none-eabi/9.3.1/../../../../arm-none-eabi/lib/thumb/v7e-m+fp/hard/libc_nano.a(lib_a-memchr.o)
[...]
Memory Configuration

Name             Origin             Length             Attributes
FLASH            0x0000000008000000 0x0000000000100000 xr
RAM              0x0000000020000000 0x0000000000040000 xrw
*default*        0x0000000000000000 0xffffffffffffffff

Linker script and memory map

LOAD /usr/local/Caskroom/gcc-arm-embedded/9-2020-q2-update/gcc-arm-none-eabi-9-2020-q2-update/bin/../lib/gcc/arm-none-eabi/9.3.1/thumb/v7e-m+fp/hard/crti.o
LOAD /usr/local/Caskroom/gcc-arm-embedded/9-2020-q2-update/gcc-arm-none-eabi-9-2020-q2-update/bin/../lib/gcc/arm-none-eabi/9.3.1/thumb/v7e-m+fp/hard/crtbegin.o
LOAD /usr/local/Caskroom/gcc-arm-embedded/9-2020-q2-update/gcc-arm-none-eabi-9-2020-q2-update/bin/../lib/gcc/arm-none-eabi/9.3.1/../../../../arm-none-eabi/lib/thumb/v7e-m+fp/hard/crt0.o
LOAD _build/stm32f4xx_hal.o
LOAD _build/stm32f4xx_hal_cortex.o
LOAD _build/stm32f4xx_hal_gpio.o
LOAD _build/stm32f4xx_hal_rcc.o
LOAD _build/stm32f4xx_hal_uart.o
LOAD _build/stm32f4xx_hal_i2c.o
LOAD _build/bsp.o
LOAD _build/tasks.o
LOAD _build/queue.o
LOAD _build/list.o
LOAD _build/timers.o
LOAD _build/event_groups.o
LOAD _build/stream_buffer.o
LOAD _build/heap_4.o
LOAD _build/port.o
LOAD _build/main.o
LOAD _build/logger.o
LOAD _build/i2c.o
LOAD _build/stm32f4xx_it.o
LOAD _build/system_stm32f4xx.o
LOAD _build/stm32f4xx_nucleo_144.o
LOAD _build/startup_stm32f412zx.o
LOAD /usr/local/Caskroom/gcc-arm-embedded/9-2020-q2-update/gcc-arm-none-eabi-9-2020-q2-update/bin/../lib/gcc/arm-none-eabi/9.3.1/../../../../arm-none-eabi/lib/thumb/v7e-m+fp/hard/libc_nano.a
LOAD /usr/local/Caskroom/gcc-arm-embedded/9-2020-q2-update/gcc-arm-none-eabi-9-2020-q2-update/bin/../lib/gcc/arm-none-eabi/9.3.1/../../../../arm-none-eabi/lib/thumb/v7e-m+fp/hard/libm.a
LOAD /usr/local/Caskroom/gcc-arm-embedded/9-2020-q2-update/gcc-arm-none-eabi-9-2020-q2-update/bin/../lib/gcc/arm-none-eabi/9.3.1/../../../../arm-none-eabi/lib/thumb/v7e-m+fp/hard/libnosys.a
START GROUP
LOAD /usr/local/Caskroom/gcc-arm-embedded/9-2020-q2-update/gcc-arm-none-eabi-9-2020-q2-update/bin/../lib/gcc/arm-none-eabi/9.3.1/thumb/v7e-m+fp/hard/libgcc.a
LOAD /usr/local/Caskroom/gcc-arm-embedded/9-2020-q2-update/gcc-arm-none-eabi-9-2020-q2-update/bin/../lib/gcc/arm-none-eabi/9.3.1/../../../../arm-none-eabi/lib/thumb/v7e-m+fp/hard/libc_nano.a
END GROUP
START GROUP
LOAD /usr/local/Caskroom/gcc-arm-embedded/9-2020-q2-update/gcc-arm-none-eabi-9-2020-q2-update/bin/../lib/gcc/arm-none-eabi/9.3.1/thumb/v7e-m+fp/hard/libgcc.a
LOAD /usr/local/Caskroom/gcc-arm-embedded/9-2020-q2-update/gcc-arm-none-eabi-9-2020-q2-update/bin/../lib/gcc/arm-none-eabi/9.3.1/../../../../arm-none-eabi/lib/thumb/v7e-m+fp/hard/libc_nano.a
END GROUP
LOAD /usr/local/Caskroom/gcc-arm-embedded/9-2020-q2-update/gcc-arm-none-eabi-9-2020-q2-update/bin/../lib/gcc/arm-none-eabi/9.3.1/thumb/v7e-m+fp/hard/crtend.o
LOAD /usr/local/Caskroom/gcc-arm-embedded/9-2020-q2-update/gcc-arm-none-eabi-9-2020-q2-update/bin/../lib/gcc/arm-none-eabi/9.3.1/thumb/v7e-m+fp/hard/crtn.o
                0x0000000020040000                _estack = 0x20040000
                0x0000000000000200                _Min_Heap_Size = 0x200
                0x0000000000000400                _Min_Stack_Size = 0x400

.isr_vector     0x0000000008000000      0x1c4
                0x0000000008000000                . = ALIGN (0x4)
 *(.isr_vector)
 .isr_vector    0x0000000008000000      0x1c4 _build/startup_stm32f412zx.o
                0x0000000008000000                g_pfnVectors
                0x00000000080001c4                . = ALIGN (0x4)

.text           0x00000000080001d0     0x8948
                0x00000000080001d0                . = ALIGN (0x4)
 *(.text)
 .text          0x00000000080001d0       0x40 /usr/local/Caskroom/gcc-arm-embedded/9-2020-q2-update/gcc-arm-none-eabi-9-2020-q2-update/bin/../lib/gcc/arm-none-eabi/9.3.1/thumb/v7e-m+fp/hard/crtbegin.o
 .text          0x0000000008000210       0x10 /usr/local/Caskroom/gcc-arm-embedded/9-2020-q2-update/gcc-arm-none-eabi-9-2020-q2-update/bin/../lib/gcc/arm-none-eabi/9.3.1/../../../../arm-none-eabi/lib/thumb/v7e-m+fp/hard/libc_nano.a(lib_a-strlen.o)
                0x0000000008000210                strlen
 .text          0x0000000008000220       0xa0 /usr/local/Caskroom/gcc-arm-embedded/9-2020-q2-update/gcc-arm-none-eabi-9-2020-q2-update/bin/../lib/gcc/arm-none-eabi/9.3.1/../../../../arm-none-eabi/lib/thumb/v7e-m+fp/hard/libc_nano.a(lib_a-memchr.o)
                0x0000000008000220                memchr
 .text          0x00000000080002c0      0x378 /usr/local/Caskroom/gcc-arm-embedded/9-2020-q2-update/gcc-arm-none-eabi-9-2020-q2-update/bin/../lib/gcc/arm-none-eabi/9.3.1/thumb/v7e-m+fp/hard/libgcc.a(_arm_addsubdf3.o)
                0x00000000080002c0                __aeabi_drsub
                0x00000000080002c8                __subdf3
                0x00000000080002c8                __aeabi_dsub
                0x00000000080002cc                __aeabi_dadd
                0x00000000080002cc                __adddf3
                0x0000000008000544                __aeabi_ui2d
                0x0000000008000544                __floatunsidf
                0x0000000008000564                __floatsidf
                0x0000000008000564                __aeabi_i2d
                0x0000000008000588                __extendsfdf2
                0x0000000008000588                __aeabi_f2d
                0x00000000080005cc                __aeabi_ul2d
                0x00000000080005cc                __floatundidf
                0x00000000080005dc                __aeabi_l2d
                0x00000000080005dc                __floatdidf
 .text          0x0000000008000638      0x424 /usr/local/Caskroom/gcc-arm-embedded/9-2020-q2-update/gcc-arm-none-eabi-9-2020-q2-update/bin/../lib/gcc/arm-none-eabi/9.3.1/thumb/v7e-m+fp/hard/libgcc.a(_arm_muldivdf3.o)
                0x0000000008000638                __aeabi_dmul
                0x0000000008000638                __muldf3
                0x000000000800088c                __aeabi_ddiv
                0x000000000800088c                __divdf3
 .text          0x0000000008000a5c      0x110 /usr/local/Caskroom/gcc-arm-embedded/9-2020-q2-update/gcc-arm-none-eabi-9-2020-q2-update/bin/../lib/gcc/arm-none-eabi/9.3.1/thumb/v7e-m+fp/hard/libgcc.a(_arm_cmpdf2.o)
                0x0000000008000a5c                __gedf2
                0x0000000008000a5c                __gtdf2
                0x0000000008000a64                __ledf2
                0x0000000008000a64                __ltdf2
                0x0000000008000a6c                __cmpdf2
                0x0000000008000a6c                __eqdf2
                0x0000000008000a6c                __nedf2
                0x0000000008000ae8                __aeabi_cdrcmple
                0x0000000008000af8                __aeabi_cdcmple
                0x0000000008000af8                __aeabi_cdcmpeq
                0x0000000008000b08                __aeabi_dcmpeq
                0x0000000008000b1c                __aeabi_dcmplt
                0x0000000008000b30                __aeabi_dcmple
                0x0000000008000b44                __aeabi_dcmpge
                0x0000000008000b58                __aeabi_dcmpgt
 .text          0x0000000008000b6c       0x2c /usr/local/Caskroom/gcc-arm-embedded/9-2020-q2-update/gcc-arm-none-eabi-9-2020-q2-update/bin/../lib/gcc/arm-none-eabi/9.3.1/thumb/v7e-m+fp/hard/libgcc.a(_arm_unorddf2.o)
                0x0000000008000b6c                __aeabi_dcmpun
                0x0000000008000b6c                __unorddf2
 .text          0x0000000008000b98       0x50 /usr/local/Caskroom/gcc-arm-embedded/9-2020-q2-update/gcc-arm-none-eabi-9-2020-q2-update/bin/../lib/gcc/arm-none-eabi/9.3.1/thumb/v7e-m+fp/hard/libgcc.a(_arm_fixdfsi.o)
                0x0000000008000b98                __fixdfsi
                0x0000000008000b98                __aeabi_d2iz
 .text          0x0000000008000be8       0x30 /usr/local/Caskroom/gcc-arm-embedded/9-2020-q2-update/gcc-arm-none-eabi-9-2020-q2-update/bin/../lib/gcc/arm-none-eabi/9.3.1/thumb/v7e-m+fp/hard/libgcc.a(_aeabi_uldivmod.o)
                0x0000000008000be8                __aeabi_uldivmod
 .text          0x0000000008000c18      0x2c4 /usr/local/Caskroom/gcc-arm-embedded/9-2020-q2-update/gcc-arm-none-eabi-9-2020-q2-update/bin/../lib/gcc/arm-none-eabi/9.3.1/thumb/v7e-m+fp/hard/libgcc.a(_udivmoddi4.o)
                0x0000000008000c18                __udivmoddi4
 .text          0x0000000008000edc        0x4 /usr/local/Caskroom/gcc-arm-embedded/9-2020-q2-update/gcc-arm-none-eabi-9-2020-q2-update/bin/../lib/gcc/arm-none-eabi/9.3.1/thumb/v7e-m+fp/hard/libgcc.a(_dvmd_tls.o)
                0x0000000008000edc                __aeabi_ldiv0
                0x0000000008000edc                __aeabi_idiv0
 *(.text*)
 .text.HAL_Init
                0x0000000008000ee0       0x44 _build/stm32f4xx_hal.o
                0x0000000008000ee0                HAL_Init
 .text.HAL_MspInit
                0x0000000008000f24        0xe _build/stm32f4xx_hal.o
                0x0000000008000f24                HAL_MspInit
 *fill*         0x0000000008000f32        0x2 
 .text.HAL_InitTick
                0x0000000008000f34       0x60 _build/stm32f4xx_hal.o
                0x0000000008000f34                HAL_InitTick
 .text.HAL_IncTick
                0x0000000008000f94       0x28 _build/stm32f4xx_hal.o
                0x0000000008000f94                HAL_IncTick
 .text.HAL_GetTick
                0x0000000008000fbc       0x18 _build/stm32f4xx_hal.o
                0x0000000008000fbc                HAL_GetTick
 .text.__NVIC_SetPriorityGrouping
                0x0000000008000fd4       0x48 _build/stm32f4xx_hal_cortex.o
 .text.__NVIC_GetPriorityGrouping
                0x000000000800101c       0x1c _build/stm32f4xx_hal_cortex.o
 .text.__NVIC_SetPriority
                0x0000000008001038       0x54 _build/stm32f4xx_hal_cortex.o
 .text.NVIC_EncodePriority
                0x000000000800108c       0x66 _build/stm32f4xx_hal_cortex.o
 *fill*         0x00000000080010f2        0x2 
 .text.SysTick_Config
                0x00000000080010f4       0x44 _build/stm32f4xx_hal_cortex.o
 .text.HAL_NVIC_SetPriorityGrouping
                0x0000000008001138       0x16 _build/stm32f4xx_hal_cortex.o
                0x0000000008001138                HAL_NVIC_SetPriorityGrouping
 .text.HAL_NVIC_SetPriority
                0x000000000800114e       0x38 _build/stm32f4xx_hal_cortex.o
                0x000000000800114e                HAL_NVIC_SetPriority
 .text.HAL_SYSTICK_Config
                0x0000000008001186       0x18 _build/stm32f4xx_hal_cortex.o
                0x0000000008001186                HAL_SYSTICK_Config
 *fill*         0x000000000800119e        0x2 
 .text.HAL_GPIO_Init
                0x00000000080011a0      0x328 _build/stm32f4xx_hal_gpio.o
                0x00000000080011a0                HAL_GPIO_Init
 .text.HAL_RCC_OscConfig
                0x00000000080014c8      0x4e0 _build/stm32f4xx_hal_rcc.o
                0x00000000080014c8                HAL_RCC_OscConfig
 .text.HAL_RCC_ClockConfig
                0x00000000080019a8      0x1cc _build/stm32f4xx_hal_rcc.o
                0x00000000080019a8                HAL_RCC_ClockConfig
 .text.HAL_RCC_GetSysClockFreq
                0x0000000008001b74      0x1c4 _build/stm32f4xx_hal_rcc.o
                0x0000000008001b74                HAL_RCC_GetSysClockFreq
 .text.HAL_RCC_GetHCLKFreq
                0x0000000008001d38       0x18 _build/stm32f4xx_hal_rcc.o
                0x0000000008001d38                HAL_RCC_GetHCLKFreq
 .text.HAL_RCC_GetPCLK1Freq
                0x0000000008001d50       0x28 _build/stm32f4xx_hal_rcc.o
                0x0000000008001d50                HAL_RCC_GetPCLK1Freq
 .text.HAL_RCC_GetPCLK2Freq
                0x0000000008001d78       0x28 _build/stm32f4xx_hal_rcc.o
                0x0000000008001d78                HAL_RCC_GetPCLK2Freq
 .text.HAL_UART_Init
                0x0000000008001da0       0x9a _build/stm32f4xx_hal_uart.o
                0x0000000008001da0                HAL_UART_Init
 .text.HAL_UART_MspInit
                0x0000000008001e3a       0x14 _build/stm32f4xx_hal_uart.o
                0x0000000008001e3a                HAL_UART_MspInit
 .text.HAL_UART_Transmit
                0x0000000008001e4e      0x132 _build/stm32f4xx_hal_uart.o
                0x0000000008001e4e                HAL_UART_Transmit
 .text.UART_WaitOnFlagUntilTimeout
                0x0000000008001f80       0x94 _build/stm32f4xx_hal_uart.o
 .text.UART_SetConfig
                0x0000000008002014      0x738 _build/stm32f4xx_hal_uart.o
 .text.HAL_I2C_Init
                0x000000000800274c      0x288 _build/stm32f4xx_hal_i2c.o
                0x000000000800274c                HAL_I2C_Init
 .text.HAL_I2C_MspInit
                0x00000000080029d4       0x14 _build/stm32f4xx_hal_i2c.o
                0x00000000080029d4                HAL_I2C_MspInit
 .text.HAL_I2C_Mem_Write
                0x00000000080029e8      0x1f4 _build/stm32f4xx_hal_i2c.o
                0x00000000080029e8                HAL_I2C_Mem_Write
 .text.HAL_I2C_GetError
                0x0000000008002bdc       0x18 _build/stm32f4xx_hal_i2c.o
                0x0000000008002bdc                HAL_I2C_GetError
 .text.I2C_RequestMemoryWrite
                0x0000000008002bf4      0x128 _build/stm32f4xx_hal_i2c.o
 .text.I2C_WaitOnFlagUntilTimeout
                0x0000000008002d1c       0xae _build/stm32f4xx_hal_i2c.o
 .text.I2C_WaitOnMasterAddressFlagUntilTimeout
                0x0000000008002dca       0xfe _build/stm32f4xx_hal_i2c.o
 .text.I2C_WaitOnTXEFlagUntilTimeout
                0x0000000008002ec8       0x82 _build/stm32f4xx_hal_i2c.o
 .text.I2C_WaitOnBTFFlagUntilTimeout
                0x0000000008002f4a       0x82 _build/stm32f4xx_hal_i2c.o
 .text.I2C_IsAcknowledgeFailed
                0x0000000008002fcc       0x5e _build/stm32f4xx_hal_i2c.o
 *fill*         0x000000000800302a        0x2 
 .text.SystemClock_Config
                0x000000000800302c       0xd4 _build/bsp.o
 .text.bsp_board_bringup
                0x0000000008003100       0x22 _build/bsp.o
                0x0000000008003100                bsp_board_bringup
 *fill*         0x0000000008003122        0x2 
 .text.bsp_uart_init
                0x0000000008003124       0xec _build/bsp.o
                0x0000000008003124                bsp_uart_init
 .text.bsp_uart_write
                0x0000000008003210       0x24 _build/bsp.o
                0x0000000008003210                bsp_uart_write
 .text.bsp_i2c_init
                0x0000000008003234      0x110 _build/bsp.o
                0x0000000008003234                bsp_i2c_init
 .text.bsp_i2c_write
                0x0000000008003344       0x5e _build/bsp.o
                0x0000000008003344                bsp_i2c_write
 .text.error_handler
                0x00000000080033a2        0x6 _build/bsp.o
                0x00000000080033a2                error_handler
 .text.xTaskCreate
                0x00000000080033a8       0x82 _build/tasks.o
                0x00000000080033a8                xTaskCreate
 .text.prvInitialiseNewTask
                0x000000000800342a      0x12c _build/tasks.o
 *fill*         0x0000000008003556        0x2 
 .text.prvAddNewTaskToReadyList
                0x0000000008003558       0xdc _build/tasks.o
 .text.vTaskDelay
                0x0000000008003634       0x68 _build/tasks.o
                0x0000000008003634                vTaskDelay
 .text.vTaskStartScheduler
                0x000000000800369c       0x9c _build/tasks.o
                0x000000000800369c                vTaskStartScheduler
 .text.vTaskSuspendAll
                0x0000000008003738       0x1c _build/tasks.o
                0x0000000008003738                vTaskSuspendAll
 .text.xTaskResumeAll
                0x0000000008003754      0x138 _build/tasks.o
                0x0000000008003754                xTaskResumeAll
 .text.xTaskGetTickCount
                0x000000000800388c       0x20 _build/tasks.o
                0x000000000800388c                xTaskGetTickCount
 .text.xTaskIncrementTick
                0x00000000080038ac      0x170 _build/tasks.o
                0x00000000080038ac                xTaskIncrementTick
 .text.vTaskSwitchContext
                0x0000000008003a1c       0xb8 _build/tasks.o
                0x0000000008003a1c                vTaskSwitchContext
 .text.vTaskPlaceOnEventList
                0x0000000008003ad4       0x48 _build/tasks.o
                0x0000000008003ad4                vTaskPlaceOnEventList
 .text.vTaskPlaceOnEventListRestricted
                0x0000000008003b1c       0x58 _build/tasks.o
                0x0000000008003b1c                vTaskPlaceOnEventListRestricted
 .text.xTaskRemoveFromEventList
                0x0000000008003b74       0xc4 _build/tasks.o
                0x0000000008003b74                xTaskRemoveFromEventList
 .text.vTaskInternalSetTimeOutState
                0x0000000008003c38       0x2c _build/tasks.o
                0x0000000008003c38                vTaskInternalSetTimeOutState
 .text.xTaskCheckForTimeOut
                0x0000000008003c64       0xcc _build/tasks.o
                0x0000000008003c64                xTaskCheckForTimeOut
 .text.vTaskMissedYield
                0x0000000008003d30       0x18 _build/tasks.o
                0x0000000008003d30                vTaskMissedYield
 .text.prvIdleTask
                0x0000000008003d48       0x30 _build/tasks.o
 .text.prvInitialiseTaskLists
                0x0000000008003d78       0x80 _build/tasks.o
 .text.prvCheckTasksWaitingTermination
                0x0000000008003df8       0x5c _build/tasks.o
 .text.prvDeleteTCB
                0x0000000008003e54       0x20 _build/tasks.o
 .text.prvResetNextTaskUnblockTime
                0x0000000008003e74       0x38 _build/tasks.o
 .text.xTaskGetSchedulerState
                0x0000000008003eac       0x3c _build/tasks.o
                0x0000000008003eac                xTaskGetSchedulerState
 .text.xTaskPriorityDisinherit
                0x0000000008003ee8       0xf4 _build/tasks.o
                0x0000000008003ee8                xTaskPriorityDisinherit
 .text.prvAddCurrentTaskToDelayedList
                0x0000000008003fdc       0xcc _build/tasks.o
 .text.xQueueGenericReset
                0x00000000080040a8       0xd0 _build/queue.o
                0x00000000080040a8                xQueueGenericReset
 .text.xQueueGenericCreate
                0x0000000008004178       0xa0 _build/queue.o
                0x0000000008004178                xQueueGenericCreate
 .text.prvInitialiseNewQueue
                0x0000000008004218       0x46 _build/queue.o
 *fill*         0x000000000800425e        0x2 
 .text.xQueueGenericSend
                0x0000000008004260      0x1fc _build/queue.o
                0x0000000008004260                xQueueGenericSend
 .text.xQueueGenericSendFromISR
                0x000000000800445c      0x154 _build/queue.o
                0x000000000800445c                xQueueGenericSendFromISR
 .text.xQueueReceive
                0x00000000080045b0      0x1c0 _build/queue.o
                0x00000000080045b0                xQueueReceive
 .text.prvCopyDataToQueue
                0x0000000008004770       0xd4 _build/queue.o
 .text.prvCopyDataFromQueue
                0x0000000008004844       0x4c _build/queue.o
 .text.prvUnlockQueue
                0x0000000008004890       0xa4 _build/queue.o
 .text.prvIsQueueEmpty
                0x0000000008004934       0x2c _build/queue.o
 .text.prvIsQueueFull
                0x0000000008004960       0x30 _build/queue.o
 .text.vQueueAddToRegistry
                0x0000000008004990       0x54 _build/queue.o
                0x0000000008004990                vQueueAddToRegistry
 .text.vQueueWaitForMessageRestricted
                0x00000000080049e4       0x68 _build/queue.o
                0x00000000080049e4                vQueueWaitForMessageRestricted
 .text.vListInitialise
                0x0000000008004a4c       0x40 _build/list.o
                0x0000000008004a4c                vListInitialise
 .text.vListInitialiseItem
                0x0000000008004a8c       0x1a _build/list.o
                0x0000000008004a8c                vListInitialiseItem
 .text.vListInsertEnd
                0x0000000008004aa6       0x48 _build/list.o
                0x0000000008004aa6                vListInsertEnd
 .text.vListInsert
                0x0000000008004aee       0x72 _build/list.o
                0x0000000008004aee                vListInsert
 .text.uxListRemove
                0x0000000008004b60       0x54 _build/list.o
                0x0000000008004b60                uxListRemove
 .text.xTimerCreateTimerTask
                0x0000000008004bb4       0x64 _build/timers.o
                0x0000000008004bb4                xTimerCreateTimerTask
 .text.xTimerGenericCommand
                0x0000000008004c18       0x9c _build/timers.o
                0x0000000008004c18                xTimerGenericCommand
 .text.prvProcessExpiredTimer
                0x0000000008004cb4       0x98 _build/timers.o
 .text.prvTimerTask
                0x0000000008004d4c       0x24 _build/timers.o
 .text.prvProcessTimerOrBlockTask
                0x0000000008004d70       0x9c _build/timers.o
 .text.prvGetNextExpireTime
                0x0000000008004e0c       0x48 _build/timers.o
 .text.prvSampleTimeNow
                0x0000000008004e54       0x40 _build/timers.o
 .text.prvInsertTimerInActiveList
                0x0000000008004e94       0x84 _build/timers.o
 .text.prvProcessReceivedCommands
                0x0000000008004f18      0x18c _build/timers.o
 .text.prvSwitchTimerLists
                0x00000000080050a4       0xc8 _build/timers.o
 .text.prvCheckForValidListAndQueue
                0x000000000800516c       0x6c _build/timers.o
 .text.pvPortMalloc
                0x00000000080051d8      0x198 _build/heap_4.o
                0x00000000080051d8                pvPortMalloc
 .text.vPortFree
                0x0000000008005370       0xc4 _build/heap_4.o
                0x0000000008005370                vPortFree
 .text.prvHeapInit
                0x0000000008005434       0xc4 _build/heap_4.o
 .text.prvInsertBlockIntoFreeList
                0x00000000080054f8       0xb4 _build/heap_4.o
 .text.pxPortInitialiseStack
                0x00000000080055ac       0x68 _build/port.o
                0x00000000080055ac                pxPortInitialiseStack
 .text.prvTaskExitError
                0x0000000008005614       0x58 _build/port.o
 *fill*         0x000000000800566c        0x4 
 .text.SVC_Handler
                0x0000000008005670       0x28 _build/port.o
                0x0000000008005670                SVC_Handler
 .text.prvPortStartFirstTask
                0x0000000008005698       0x2c _build/port.o
 .text.xPortStartScheduler
                0x00000000080056c4      0x144 _build/port.o
                0x00000000080056c4                xPortStartScheduler
 .text.vPortEnterCritical
                0x0000000008005808       0x60 _build/port.o
                0x0000000008005808                vPortEnterCritical
 .text.vPortExitCritical
                0x0000000008005868       0x54 _build/port.o
                0x0000000008005868                vPortExitCritical
 *fill*         0x00000000080058bc        0x4 
 .text.PendSV_Handler
                0x00000000080058c0       0x68 _build/port.o
                0x00000000080058c0                PendSV_Handler
 .text.OSSysTick_Handler
                0x0000000008005928       0x44 _build/port.o
                0x0000000008005928                OSSysTick_Handler
 .text.vPortSetupTimerInterrupt
                0x000000000800596c       0x48 _build/port.o
                0x000000000800596c                vPortSetupTimerInterrupt
 .text.vPortEnableVFP
                0x00000000080059b4       0x18 _build/port.o
 .text.vPortValidateInterruptPriority
                0x00000000080059cc       0x80 _build/port.o
                0x00000000080059cc                vPortValidateInterruptPriority
 .text.main_task
                0x0000000008005a4c       0x3c _build/main.o
                0x0000000008005a4c                main_task
 .text.main     0x0000000008005a88       0x68 _build/main.o
                0x0000000008005a88                main
 .text.logger_write
                0x0000000008005af0       0x40 _build/logger.o
                0x0000000008005af0                logger_write
 .text.logger_init
                0x0000000008005b30       0x24 _build/logger.o
                0x0000000008005b30                logger_init
 .text.i2c_init
                0x0000000008005b54       0x24 _build/i2c.o
                0x0000000008005b54                i2c_init
 .text.i2c_write
                0x0000000008005b78       0x40 _build/i2c.o
                0x0000000008005b78                i2c_write
 .text.OSStarted
                0x0000000008005bb8       0x18 _build/stm32f4xx_it.o
                0x0000000008005bb8                OSStarted
 .text.NMI_Handler
                0x0000000008005bd0        0xe _build/stm32f4xx_it.o
                0x0000000008005bd0                NMI_Handler
 .text.HardFault_Handler
                0x0000000008005bde        0x6 _build/stm32f4xx_it.o
                0x0000000008005bde                HardFault_Handler
 .text.MemManage_Handler
                0x0000000008005be4        0x6 _build/stm32f4xx_it.o
                0x0000000008005be4                MemManage_Handler
 .text.BusFault_Handler
                0x0000000008005bea        0x6 _build/stm32f4xx_it.o
                0x0000000008005bea                BusFault_Handler
 .text.UsageFault_Handler
                0x0000000008005bf0        0x6 _build/stm32f4xx_it.o
                0x0000000008005bf0                UsageFault_Handler
 .text.DebugMon_Handler
                0x0000000008005bf6        0xe _build/stm32f4xx_it.o
                0x0000000008005bf6                DebugMon_Handler
 .text.SysTick_Handler
                0x0000000008005c04       0x1c _build/stm32f4xx_it.o
                0x0000000008005c04                SysTick_Handler
 .text.SystemInit
                0x0000000008005c20       0x6c _build/system_stm32f4xx.o
                0x0000000008005c20                SystemInit
 .text.Reset_Handler
                0x0000000008005c8c       0x50 _build/startup_stm32f412zx.o
                0x0000000008005c8c                Reset_Handler
 .text.Default_Handler
                0x0000000008005cdc        0x2 _build/startup_stm32f412zx.o
                0x0000000008005cdc                DMA1_Stream3_IRQHandler
                0x0000000008005cdc                EXTI2_IRQHandler
                0x0000000008005cdc                TIM8_CC_IRQHandler
                0x0000000008005cdc                FMPI2C1_EV_IRQHandler
                0x0000000008005cdc                SPI4_IRQHandler
                0x0000000008005cdc                TIM1_CC_IRQHandler
                0x0000000008005cdc                DMA2_Stream5_IRQHandler
                0x0000000008005cdc                DMA1_Stream5_IRQHandler
                0x0000000008005cdc                TIM6_IRQHandler
                0x0000000008005cdc                PVD_IRQHandler
                0x0000000008005cdc                SDIO_IRQHandler
                0x0000000008005cdc                TAMP_STAMP_IRQHandler
                0x0000000008005cdc                CAN2_RX1_IRQHandler
                0x0000000008005cdc                EXTI3_IRQHandler
                0x0000000008005cdc                TIM8_TRG_COM_TIM14_IRQHandler
                0x0000000008005cdc                DFSDM1_FLT1_IRQHandler
                0x0000000008005cdc                TIM1_UP_TIM10_IRQHandler
                0x0000000008005cdc                TIM8_UP_TIM13_IRQHandler
                0x0000000008005cdc                I2C3_ER_IRQHandler
                0x0000000008005cdc                EXTI0_IRQHandler
                0x0000000008005cdc                I2C2_EV_IRQHandler
                0x0000000008005cdc                DMA1_Stream2_IRQHandler
                0x0000000008005cdc                CAN1_RX0_IRQHandler
                0x0000000008005cdc                FPU_IRQHandler
                0x0000000008005cdc                CAN2_SCE_IRQHandler
                0x0000000008005cdc                DMA2_Stream2_IRQHandler
                0x0000000008005cdc                SPI1_IRQHandler
                0x0000000008005cdc                TIM1_BRK_TIM9_IRQHandler
                0x0000000008005cdc                CAN2_RX0_IRQHandler
                0x0000000008005cdc                DMA2_Stream3_IRQHandler
                0x0000000008005cdc                USART6_IRQHandler
                0x0000000008005cdc                USART3_IRQHandler
                0x0000000008005cdc                CAN1_RX1_IRQHandler
                0x0000000008005cdc                DMA2_Stream0_IRQHandler
                0x0000000008005cdc                TIM4_IRQHandler
                0x0000000008005cdc                QUADSPI_IRQHandler
                0x0000000008005cdc                I2C1_EV_IRQHandler
                0x0000000008005cdc                DMA1_Stream6_IRQHandler
                0x0000000008005cdc                DMA1_Stream1_IRQHandler
                0x0000000008005cdc                TIM3_IRQHandler
                0x0000000008005cdc                RCC_IRQHandler
                0x0000000008005cdc                TIM8_BRK_TIM12_IRQHandler
                0x0000000008005cdc                Default_Handler
                0x0000000008005cdc                EXTI15_10_IRQHandler
                0x0000000008005cdc                ADC_IRQHandler
                0x0000000008005cdc                DMA1_Stream7_IRQHandler
                0x0000000008005cdc                SPI5_IRQHandler
                0x0000000008005cdc                TIM7_IRQHandler
                0x0000000008005cdc                CAN2_TX_IRQHandler
                0x0000000008005cdc                TIM5_IRQHandler
                0x0000000008005cdc                DMA2_Stream7_IRQHandler
                0x0000000008005cdc                I2C3_EV_IRQHandler
                0x0000000008005cdc                EXTI9_5_IRQHandler
                0x0000000008005cdc                RTC_WKUP_IRQHandler
                0x0000000008005cdc                SPI2_IRQHandler
                0x0000000008005cdc                DMA1_Stream0_IRQHandler
                0x0000000008005cdc                CAN1_TX_IRQHandler
                0x0000000008005cdc                FMPI2C1_ER_IRQHandler
                0x0000000008005cdc                EXTI4_IRQHandler
                0x0000000008005cdc                RNG_IRQHandler
                0x0000000008005cdc                WWDG_IRQHandler
                0x0000000008005cdc                TIM2_IRQHandler
                0x0000000008005cdc                OTG_FS_WKUP_IRQHandler
                0x0000000008005cdc                TIM1_TRG_COM_TIM11_IRQHandler
                0x0000000008005cdc                EXTI1_IRQHandler
                0x0000000008005cdc                USART2_IRQHandler
                0x0000000008005cdc                DFSDM1_FLT0_IRQHandler
                0x0000000008005cdc                I2C2_ER_IRQHandler
                0x0000000008005cdc                DMA2_Stream1_IRQHandler
                0x0000000008005cdc                CAN1_SCE_IRQHandler
                0x0000000008005cdc                FLASH_IRQHandler
                0x0000000008005cdc                DMA2_Stream4_IRQHandler
                0x0000000008005cdc                USART1_IRQHandler
                0x0000000008005cdc                OTG_FS_IRQHandler
                0x0000000008005cdc                SPI3_IRQHandler
                0x0000000008005cdc                DMA1_Stream4_IRQHandler
                0x0000000008005cdc                I2C1_ER_IRQHandler
                0x0000000008005cdc                DMA2_Stream6_IRQHandler
                0x0000000008005cdc                RTC_Alarm_IRQHandler
 *fill*         0x0000000008005cde        0x2 
 .text.__libc_init_array
                0x0000000008005ce0       0x48 /usr/local/Caskroom/gcc-arm-embedded/9-2020-q2-update/gcc-arm-none-eabi-9-2020-q2-update/bin/../lib/gcc/arm-none-eabi/9.3.1/../../../../arm-none-eabi/lib/thumb/v7e-m+fp/hard/libc_nano.a(lib_a-init.o)
                0x0000000008005ce0                __libc_init_array
 .text.memcpy   0x0000000008005d28       0x1c /usr/local/Caskroom/gcc-arm-embedded/9-2020-q2-update/gcc-arm-none-eabi-9-2020-q2-update/bin/../lib/gcc/arm-none-eabi/9.3.1/../../../../arm-none-eabi/lib/thumb/v7e-m+fp/hard/libc_nano.a(lib_a-memcpy-stub.o)
                0x0000000008005d28                memcpy
 .text.memset   0x0000000008005d44       0x10 /usr/local/Caskroom/gcc-arm-embedded/9-2020-q2-update/gcc-arm-none-eabi-9-2020-q2-update/bin/../lib/gcc/arm-none-eabi/9.3.1/../../../../arm-none-eabi/lib/thumb/v7e-m+fp/hard/libc_nano.a(lib_a-memset.o)
                0x0000000008005d44                memset
 .text.__cvt    0x0000000008005d54       0xc4 /usr/local/Caskroom/gcc-arm-embedded/9-2020-q2-update/gcc-arm-none-eabi-9-2020-q2-update/bin/../lib/gcc/arm-none-eabi/9.3.1/../../../../arm-none-eabi/lib/thumb/v7e-m+fp/hard/libc_nano.a(lib_a-nano-vfprintf_float.o)
                0x0000000008005d54                __cvt
 .text.__exponent
                0x0000000008005e18       0x7c /usr/local/Caskroom/gcc-arm-embedded/9-2020-q2-update/gcc-arm-none-eabi-9-2020-q2-update/bin/../lib/gcc/arm-none-eabi/9.3.1/../../../../arm-none-eabi/lib/thumb/v7e-m+fp/hard/libc_nano.a(lib_a-nano-vfprintf_float.o)
                0x0000000008005e18                __exponent
 .text._printf_float
                0x0000000008005e94      0x46c /usr/local/Caskroom/gcc-arm-embedded/9-2020-q2-update/gcc-arm-none-eabi-9-2020-q2-update/bin/../lib/gcc/arm-none-eabi/9.3.1/../../../../arm-none-eabi/lib/thumb/v7e-m+fp/hard/libc_nano.a(lib_a-nano-vfprintf_float.o)
                0x0000000008005e94                _printf_float
 .text._printf_common
                0x0000000008006300       0xda /usr/local/Caskroom/gcc-arm-embedded/9-2020-q2-update/gcc-arm-none-eabi-9-2020-q2-update/bin/../lib/gcc/arm-none-eabi/9.3.1/../../../../arm-none-eabi/lib/thumb/v7e-m+fp/hard/libc_nano.a(lib_a-nano-vfprintf_i.o)
                0x0000000008006300                _printf_common
 *fill*         0x00000000080063da        0x2 
 .text._printf_i
                0x00000000080063dc      0x24c /usr/local/Caskroom/gcc-arm-embedded/9-2020-q2-update/gcc-arm-none-eabi-9-2020-q2-update/bin/../lib/gcc/arm-none-eabi/9.3.1/../../../../arm-none-eabi/lib/thumb/v7e-m+fp/hard/libc_nano.a(lib_a-nano-vfprintf_i.o)
                0x00000000080063dc                _printf_i
 .text.sprintf  0x0000000008006628       0x40 /usr/local/Caskroom/gcc-arm-embedded/9-2020-q2-update/gcc-arm-none-eabi-9-2020-q2-update/bin/../lib/gcc/arm-none-eabi/9.3.1/../../../../arm-none-eabi/lib/thumb/v7e-m+fp/hard/libc_nano.a(lib_a-sprintf.o)
                0x0000000008006628                sprintf
                0x0000000008006628                siprintf
 .text.quorem   0x0000000008006668      0x116 /usr/local/Caskroom/gcc-arm-embedded/9-2020-q2-update/gcc-arm-none-eabi-9-2020-q2-update/bin/../lib/gcc/arm-none-eabi/9.3.1/../../../../arm-none-eabi/lib/thumb/v7e-m+fp/hard/libc_nano.a(lib_a-dtoa.o)
 *fill*         0x000000000800677e        0x2 
 .text._dtoa_r  0x0000000008006780      0xbd8 /usr/local/Caskroom/gcc-arm-embedded/9-2020-q2-update/gcc-arm-none-eabi-9-2020-q2-update/bin/../lib/gcc/arm-none-eabi/9.3.1/../../../../arm-none-eabi/lib/thumb/v7e-m+fp/hard/libc_nano.a(lib_a-dtoa.o)
                0x0000000008006780                _dtoa_r
 .text._localeconv_r
                0x0000000008007358        0x8 /usr/local/Caskroom/gcc-arm-embedded/9-2020-q2-update/gcc-arm-none-eabi-9-2020-q2-update/bin/../lib/gcc/arm-none-eabi/9.3.1/../../../../arm-none-eabi/lib/thumb/v7e-m+fp/hard/libc_nano.a(lib_a-localeconv.o)
                0x0000000008007358                _localeconv_r
 .text.malloc   0x0000000008007360       0x10 /usr/local/Caskroom/gcc-arm-embedded/9-2020-q2-update/gcc-arm-none-eabi-9-2020-q2-update/bin/../lib/gcc/arm-none-eabi/9.3.1/../../../../arm-none-eabi/lib/thumb/v7e-m+fp/hard/libc_nano.a(lib_a-malloc.o)
                0x0000000008007360                malloc
 .text._Balloc  0x0000000008007370       0x80 /usr/local/Caskroom/gcc-arm-embedded/9-2020-q2-update/gcc-arm-none-eabi-9-2020-q2-update/bin/../lib/gcc/arm-none-eabi/9.3.1/../../../../arm-none-eabi/lib/thumb/v7e-m+fp/hard/libc_nano.a(lib_a-mprec.o)
                0x0000000008007370                _Balloc
 .text._Bfree   0x00000000080073f0       0x44 /usr/local/Caskroom/gcc-arm-embedded/9-2020-q2-update/gcc-arm-none-eabi-9-2020-q2-update/bin/../lib/gcc/arm-none-eabi/9.3.1/../../../../arm-none-eabi/lib/thumb/v7e-m+fp/hard/libc_nano.a(lib_a-mprec.o)
                0x00000000080073f0                _Bfree
 .text.__multadd
                0x0000000008007434       0x94 /usr/local/Caskroom/gcc-arm-embedded/9-2020-q2-update/gcc-arm-none-eabi-9-2020-q2-update/bin/../lib/gcc/arm-none-eabi/9.3.1/../../../../arm-none-eabi/lib/thumb/v7e-m+fp/hard/libc_nano.a(lib_a-mprec.o)
                0x0000000008007434                __multadd
 .text.__hi0bits
                0x00000000080074c8       0x40 /usr/local/Caskroom/gcc-arm-embedded/9-2020-q2-update/gcc-arm-none-eabi-9-2020-q2-update/bin/../lib/gcc/arm-none-eabi/9.3.1/../../../../arm-none-eabi/lib/thumb/v7e-m+fp/hard/libc_nano.a(lib_a-mprec.o)
                0x00000000080074c8                __hi0bits
 .text.__lo0bits
                0x0000000008007508       0x60 /usr/local/Caskroom/gcc-arm-embedded/9-2020-q2-update/gcc-arm-none-eabi-9-2020-q2-update/bin/../lib/gcc/arm-none-eabi/9.3.1/../../../../arm-none-eabi/lib/thumb/v7e-m+fp/hard/libc_nano.a(lib_a-mprec.o)
                0x0000000008007508                __lo0bits
 .text.__i2b    0x0000000008007568       0x2c /usr/local/Caskroom/gcc-arm-embedded/9-2020-q2-update/gcc-arm-none-eabi-9-2020-q2-update/bin/../lib/gcc/arm-none-eabi/9.3.1/../../../../arm-none-eabi/lib/thumb/v7e-m+fp/hard/libc_nano.a(lib_a-mprec.o)
                0x0000000008007568                __i2b
 .text.__multiply
                0x0000000008007594      0x14c /usr/local/Caskroom/gcc-arm-embedded/9-2020-q2-update/gcc-arm-none-eabi-9-2020-q2-update/bin/../lib/gcc/arm-none-eabi/9.3.1/../../../../arm-none-eabi/lib/thumb/v7e-m+fp/hard/libc_nano.a(lib_a-mprec.o)
                0x0000000008007594                __multiply
 .text.__pow5mult
                0x00000000080076e0       0xb4 /usr/local/Caskroom/gcc-arm-embedded/9-2020-q2-update/gcc-arm-none-eabi-9-2020-q2-update/bin/../lib/gcc/arm-none-eabi/9.3.1/../../../../arm-none-eabi/lib/thumb/v7e-m+fp/hard/libc_nano.a(lib_a-mprec.o)
                0x00000000080076e0                __pow5mult
 .text.__lshift
                0x0000000008007794       0xd8 /usr/local/Caskroom/gcc-arm-embedded/9-2020-q2-update/gcc-arm-none-eabi-9-2020-q2-update/bin/../lib/gcc/arm-none-eabi/9.3.1/../../../../arm-none-eabi/lib/thumb/v7e-m+fp/hard/libc_nano.a(lib_a-mprec.o)
                0x0000000008007794                __lshift
 .text.__mcmp   0x000000000800786c       0x38 /usr/local/Caskroom/gcc-arm-embedded/9-2020-q2-update/gcc-arm-none-eabi-9-2020-q2-update/bin/../lib/gcc/arm-none-eabi/9.3.1/../../../../arm-none-eabi/lib/thumb/v7e-m+fp/hard/libc_nano.a(lib_a-mprec.o)
                0x000000000800786c                __mcmp
 .text.__mdiff  0x00000000080078a4      0x110 /usr/local/Caskroom/gcc-arm-embedded/9-2020-q2-update/gcc-arm-none-eabi-9-2020-q2-update/bin/../lib/gcc/arm-none-eabi/9.3.1/../../../../arm-none-eabi/lib/thumb/v7e-m+fp/hard/libc_nano.a(lib_a-mprec.o)
                0x00000000080078a4                __mdiff
 .text.__d2b    0x00000000080079b4       0xb8 /usr/local/Caskroom/gcc-arm-embedded/9-2020-q2-update/gcc-arm-none-eabi-9-2020-q2-update/bin/../lib/gcc/arm-none-eabi/9.3.1/../../../../arm-none-eabi/lib/thumb/v7e-m+fp/hard/libc_nano.a(lib_a-mprec.o)
                0x00000000080079b4                __d2b
 .text._calloc_r
                0x0000000008007a6c       0x1e /usr/local/Caskroom/gcc-arm-embedded/9-2020-q2-update/gcc-arm-none-eabi-9-2020-q2-update/bin/../lib/gcc/arm-none-eabi/9.3.1/../../../../arm-none-eabi/lib/thumb/v7e-m+fp/hard/libc_nano.a(lib_a-nano-callocr.o)
                0x0000000008007a6c                _calloc_r
 *fill*         0x0000000008007a8a        0x2 
 .text._free_r  0x0000000008007a8c       0xa0 /usr/local/Caskroom/gcc-arm-embedded/9-2020-q2-update/gcc-arm-none-eabi-9-2020-q2-update/bin/../lib/gcc/arm-none-eabi/9.3.1/../../../../arm-none-eabi/lib/thumb/v7e-m+fp/hard/libc_nano.a(lib_a-nano-freer.o)
                0x0000000008007a8c                _free_r
 .text._malloc_r
                0x0000000008007b2c       0xb4 /usr/local/Caskroom/gcc-arm-embedded/9-2020-q2-update/gcc-arm-none-eabi-9-2020-q2-update/bin/../lib/gcc/arm-none-eabi/9.3.1/../../../../arm-none-eabi/lib/thumb/v7e-m+fp/hard/libc_nano.a(lib_a-nano-mallocr.o)
                0x0000000008007b2c                _malloc_r
 .text.__ssputs_r
                0x0000000008007be0       0xb6 /usr/local/Caskroom/gcc-arm-embedded/9-2020-q2-update/gcc-arm-none-eabi-9-2020-q2-update/bin/../lib/gcc/arm-none-eabi/9.3.1/../../../../arm-none-eabi/lib/thumb/v7e-m+fp/hard/libc_nano.a(lib_a-nano-svfprintf.o)
                0x0000000008007be0                __ssputs_r
 *fill*         0x0000000008007c96        0x2 
 .text._svfprintf_r
                0x0000000008007c98      0x200 /usr/local/Caskroom/gcc-arm-embedded/9-2020-q2-update/gcc-arm-none-eabi-9-2020-q2-update/bin/../lib/gcc/arm-none-eabi/9.3.1/../../../../arm-none-eabi/lib/thumb/v7e-m+fp/hard/libc_nano.a(lib_a-nano-svfprintf.o)
                0x0000000008007c98                _svfprintf_r
                0x0000000008007c98                _svfiprintf_r
 .text._sbrk_r  0x0000000008007e98       0x20 /usr/local/Caskroom/gcc-arm-embedded/9-2020-q2-update/gcc-arm-none-eabi-9-2020-q2-update/bin/../lib/gcc/arm-none-eabi/9.3.1/../../../../arm-none-eabi/lib/thumb/v7e-m+fp/hard/libc_nano.a(lib_a-sbrkr.o)
                0x0000000008007e98                _sbrk_r
 .text.__assert_func
                0x0000000008007eb8       0x3c /usr/local/Caskroom/gcc-arm-embedded/9-2020-q2-update/gcc-arm-none-eabi-9-2020-q2-update/bin/../lib/gcc/arm-none-eabi/9.3.1/../../../../arm-none-eabi/lib/thumb/v7e-m+fp/hard/libc_nano.a(lib_a-assert.o)
                0x0000000008007eb8                __assert_func
 .text.fprintf  0x0000000008007ef4       0x24 /usr/local/Caskroom/gcc-arm-embedded/9-2020-q2-update/gcc-arm-none-eabi-9-2020-q2-update/bin/../lib/gcc/arm-none-eabi/9.3.1/../../../../arm-none-eabi/lib/thumb/v7e-m+fp/hard/libc_nano.a(lib_a-fprintf.o)
                0x0000000008007ef4                fprintf
                0x0000000008007ef4                fiprintf
 .text.__ascii_mbtowc
                0x0000000008007f18       0x24 /usr/local/Caskroom/gcc-arm-embedded/9-2020-q2-update/gcc-arm-none-eabi-9-2020-q2-update/bin/../lib/gcc/arm-none-eabi/9.3.1/../../../../arm-none-eabi/lib/thumb/v7e-m+fp/hard/libc_nano.a(lib_a-mbtowc_r.o)
                0x0000000008007f18                __ascii_mbtowc
 .text.memmove  0x0000000008007f3c       0x34 /usr/local/Caskroom/gcc-arm-embedded/9-2020-q2-update/gcc-arm-none-eabi-9-2020-q2-update/bin/../lib/gcc/arm-none-eabi/9.3.1/../../../../arm-none-eabi/lib/thumb/v7e-m+fp/hard/libc_nano.a(lib_a-memmove.o)
                0x0000000008007f3c                memmove
 .text.__malloc_lock
                0x0000000008007f70        0xc /usr/local/Caskroom/gcc-arm-embedded/9-2020-q2-update/gcc-arm-none-eabi-9-2020-q2-update/bin/../lib/gcc/arm-none-eabi/9.3.1/../../../../arm-none-eabi/lib/thumb/v7e-m+fp/hard/libc_nano.a(lib_a-mlock.o)
                0x0000000008007f70                __malloc_lock
 .text.__malloc_unlock
                0x0000000008007f7c        0xc /usr/local/Caskroom/gcc-arm-embedded/9-2020-q2-update/gcc-arm-none-eabi-9-2020-q2-update/bin/../lib/gcc/arm-none-eabi/9.3.1/../../../../arm-none-eabi/lib/thumb/v7e-m+fp/hard/libc_nano.a(lib_a-mlock.o)
                0x0000000008007f7c                __malloc_unlock
 .text._realloc_r
                0x0000000008007f88       0x4c /usr/local/Caskroom/gcc-arm-embedded/9-2020-q2-update/gcc-arm-none-eabi-9-2020-q2-update/bin/../lib/gcc/arm-none-eabi/9.3.1/../../../../arm-none-eabi/lib/thumb/v7e-m+fp/hard/libc_nano.a(lib_a-nano-reallocr.o)
                0x0000000008007f88                _realloc_r
 .text.__sfputc_r
                0x0000000008007fd4       0x2e /usr/local/Caskroom/gcc-arm-embedded/9-2020-q2-update/gcc-arm-none-eabi-9-2020-q2-update/bin/../lib/gcc/arm-none-eabi/9.3.1/../../../../arm-none-eabi/lib/thumb/v7e-m+fp/hard/libc_nano.a(lib_a-nano-vfprintf.o)
 .text.__sfputs_r
                0x0000000008008002       0x24 /usr/local/Caskroom/gcc-arm-embedded/9-2020-q2-update/gcc-arm-none-eabi-9-2020-q2-update/bin/../lib/gcc/arm-none-eabi/9.3.1/../../../../arm-none-eabi/lib/thumb/v7e-m+fp/hard/libc_nano.a(lib_a-nano-vfprintf.o)
                0x0000000008008002                __sfputs_r
 *fill*         0x0000000008008026        0x2 
 .text._vfprintf_r
                0x0000000008008028      0x260 /usr/local/Caskroom/gcc-arm-embedded/9-2020-q2-update/gcc-arm-none-eabi-9-2020-q2-update/bin/../lib/gcc/arm-none-eabi/9.3.1/../../../../arm-none-eabi/lib/thumb/v7e-m+fp/hard/libc_nano.a(lib_a-nano-vfprintf.o)
                0x0000000008008028                _vfiprintf_r
                0x0000000008008028                _vfprintf_r
 .text.__swbuf_r
                0x0000000008008288       0xa4 /usr/local/Caskroom/gcc-arm-embedded/9-2020-q2-update/gcc-arm-none-eabi-9-2020-q2-update/bin/../lib/gcc/arm-none-eabi/9.3.1/../../../../arm-none-eabi/lib/thumb/v7e-m+fp/hard/libc_nano.a(lib_a-wbuf.o)
                0x0000000008008288                __swbuf_r
 .text.__ascii_wctomb
                0x000000000800832c       0x1a /usr/local/Caskroom/gcc-arm-embedded/9-2020-q2-update/gcc-arm-none-eabi-9-2020-q2-update/bin/../lib/gcc/arm-none-eabi/9.3.1/../../../../arm-none-eabi/lib/thumb/v7e-m+fp/hard/libc_nano.a(lib_a-wctomb_r.o)
                0x000000000800832c                __ascii_wctomb
 *fill*         0x0000000008008346        0x2 
 .text.__swsetup_r
                0x0000000008008348       0xdc /usr/local/Caskroom/gcc-arm-embedded/9-2020-q2-update/gcc-arm-none-eabi-9-2020-q2-update/bin/../lib/gcc/arm-none-eabi/9.3.1/../../../../arm-none-eabi/lib/thumb/v7e-m+fp/hard/libc_nano.a(lib_a-wsetup.o)
                0x0000000008008348                __swsetup_r
 .text.abort    0x0000000008008424        0xe /usr/local/Caskroom/gcc-arm-embedded/9-2020-q2-update/gcc-arm-none-eabi-9-2020-q2-update/bin/../lib/gcc/arm-none-eabi/9.3.1/../../../../arm-none-eabi/lib/thumb/v7e-m+fp/hard/libc_nano.a(lib_a-abort.o)
                0x0000000008008424                abort
 *fill*         0x0000000008008432        0x2 
 .text.__sflush_r
                0x0000000008008434      0x10c /usr/local/Caskroom/gcc-arm-embedded/9-2020-q2-update/gcc-arm-none-eabi-9-2020-q2-update/bin/../lib/gcc/arm-none-eabi/9.3.1/../../../../arm-none-eabi/lib/thumb/v7e-m+fp/hard/libc_nano.a(lib_a-fflush.o)
                0x0000000008008434                __sflush_r
 .text._fflush_r
                0x0000000008008540       0x78 /usr/local/Caskroom/gcc-arm-embedded/9-2020-q2-update/gcc-arm-none-eabi-9-2020-q2-update/bin/../lib/gcc/arm-none-eabi/9.3.1/../../../../arm-none-eabi/lib/thumb/v7e-m+fp/hard/libc_nano.a(lib_a-fflush.o)
                0x0000000008008540                _fflush_r
 .text.std      0x00000000080085b8       0x48 /usr/local/Caskroom/gcc-arm-embedded/9-2020-q2-update/gcc-arm-none-eabi-9-2020-q2-update/bin/../lib/gcc/arm-none-eabi/9.3.1/../../../../arm-none-eabi/lib/thumb/v7e-m+fp/hard/libc_nano.a(lib_a-findfp.o)
 .text._cleanup_r
                0x0000000008008600        0xc /usr/local/Caskroom/gcc-arm-embedded/9-2020-q2-update/gcc-arm-none-eabi-9-2020-q2-update/bin/../lib/gcc/arm-none-eabi/9.3.1/../../../../arm-none-eabi/lib/thumb/v7e-m+fp/hard/libc_nano.a(lib_a-findfp.o)
                0x0000000008008600                _cleanup_r
 .text.__sfmoreglue
                0x000000000800860c       0x2c /usr/local/Caskroom/gcc-arm-embedded/9-2020-q2-update/gcc-arm-none-eabi-9-2020-q2-update/bin/../lib/gcc/arm-none-eabi/9.3.1/../../../../arm-none-eabi/lib/thumb/v7e-m+fp/hard/libc_nano.a(lib_a-findfp.o)
                0x000000000800860c                __sfmoreglue
 .text.__sfp_lock_acquire
                0x0000000008008638        0xc /usr/local/Caskroom/gcc-arm-embedded/9-2020-q2-update/gcc-arm-none-eabi-9-2020-q2-update/bin/../lib/gcc/arm-none-eabi/9.3.1/../../../../arm-none-eabi/lib/thumb/v7e-m+fp/hard/libc_nano.a(lib_a-findfp.o)
                0x0000000008008638                __sfp_lock_acquire
 .text.__sfp_lock_release
                0x0000000008008644        0xc /usr/local/Caskroom/gcc-arm-embedded/9-2020-q2-update/gcc-arm-none-eabi-9-2020-q2-update/bin/../lib/gcc/arm-none-eabi/9.3.1/../../../../arm-none-eabi/lib/thumb/v7e-m+fp/hard/libc_nano.a(lib_a-findfp.o)
                0x0000000008008644                __sfp_lock_release
 .text.__sinit_lock_acquire
                0x0000000008008650        0xc /usr/local/Caskroom/gcc-arm-embedded/9-2020-q2-update/gcc-arm-none-eabi-9-2020-q2-update/bin/../lib/gcc/arm-none-eabi/9.3.1/../../../../arm-none-eabi/lib/thumb/v7e-m+fp/hard/libc_nano.a(lib_a-findfp.o)
                0x0000000008008650                __sinit_lock_acquire
 .text.__sinit_lock_release
                0x000000000800865c        0xc /usr/local/Caskroom/gcc-arm-embedded/9-2020-q2-update/gcc-arm-none-eabi-9-2020-q2-update/bin/../lib/gcc/arm-none-eabi/9.3.1/../../../../arm-none-eabi/lib/thumb/v7e-m+fp/hard/libc_nano.a(lib_a-findfp.o)
                0x000000000800865c                __sinit_lock_release
 .text.__sinit  0x0000000008008668       0x70 /usr/local/Caskroom/gcc-arm-embedded/9-2020-q2-update/gcc-arm-none-eabi-9-2020-q2-update/bin/../lib/gcc/arm-none-eabi/9.3.1/../../../../arm-none-eabi/lib/thumb/v7e-m+fp/hard/libc_nano.a(lib_a-findfp.o)
                0x0000000008008668                __sinit
 .text.__sfp    0x00000000080086d8       0x8c /usr/local/Caskroom/gcc-arm-embedded/9-2020-q2-update/gcc-arm-none-eabi-9-2020-q2-update/bin/../lib/gcc/arm-none-eabi/9.3.1/../../../../arm-none-eabi/lib/thumb/v7e-m+fp/hard/libc_nano.a(lib_a-findfp.o)
                0x00000000080086d8                __sfp
 .text._fwalk_reent
                0x0000000008008764       0x3e /usr/local/Caskroom/gcc-arm-embedded/9-2020-q2-update/gcc-arm-none-eabi-9-2020-q2-update/bin/../lib/gcc/arm-none-eabi/9.3.1/../../../../arm-none-eabi/lib/thumb/v7e-m+fp/hard/libc_nano.a(lib_a-fwalk.o)
                0x0000000008008764                _fwalk_reent
 .text.__retarget_lock_init_recursive
                0x00000000080087a2        0x2 /usr/local/Caskroom/gcc-arm-embedded/9-2020-q2-update/gcc-arm-none-eabi-9-2020-q2-update/bin/../lib/gcc/arm-none-eabi/9.3.1/../../../../arm-none-eabi/lib/thumb/v7e-m+fp/hard/libc_nano.a(lib_a-lock.o)
                0x00000000080087a2                __retarget_lock_init_recursive
 .text.__retarget_lock_acquire_recursive
                0x00000000080087a4        0x2 /usr/local/Caskroom/gcc-arm-embedded/9-2020-q2-update/gcc-arm-none-eabi-9-2020-q2-update/bin/../lib/gcc/arm-none-eabi/9.3.1/../../../../arm-none-eabi/lib/thumb/v7e-m+fp/hard/libc_nano.a(lib_a-lock.o)
                0x00000000080087a4                __retarget_lock_acquire_recursive
 .text.__retarget_lock_release_recursive
                0x00000000080087a6        0x2 /usr/local/Caskroom/gcc-arm-embedded/9-2020-q2-update/gcc-arm-none-eabi-9-2020-q2-update/bin/../lib/gcc/arm-none-eabi/9.3.1/../../../../arm-none-eabi/lib/thumb/v7e-m+fp/hard/libc_nano.a(lib_a-lock.o)
                0x00000000080087a6                __retarget_lock_release_recursive
 .text.__swhatbuf_r
                0x00000000080087a8       0x48 /usr/local/Caskroom/gcc-arm-embedded/9-2020-q2-update/gcc-arm-none-eabi-9-2020-q2-update/bin/../lib/gcc/arm-none-eabi/9.3.1/../../../../arm-none-eabi/lib/thumb/v7e-m+fp/hard/libc_nano.a(lib_a-makebuf.o)
                0x00000000080087a8                __swhatbuf_r
 .text.__smakebuf_r
                0x00000000080087f0       0x80 /usr/local/Caskroom/gcc-arm-embedded/9-2020-q2-update/gcc-arm-none-eabi-9-2020-q2-update/bin/../lib/gcc/arm-none-eabi/9.3.1/../../../../arm-none-eabi/lib/thumb/v7e-m+fp/hard/libc_nano.a(lib_a-makebuf.o)
                0x00000000080087f0                __smakebuf_r
 .text._malloc_usable_size_r
                0x0000000008008870       0x10 /usr/local/Caskroom/gcc-arm-embedded/9-2020-q2-update/gcc-arm-none-eabi-9-2020-q2-update/bin/../lib/gcc/arm-none-eabi/9.3.1/../../../../arm-none-eabi/lib/thumb/v7e-m+fp/hard/libc_nano.a(lib_a-nano-msizer.o)
                0x0000000008008870                _malloc_usable_size_r
 .text._raise_r
                0x0000000008008880       0x50 /usr/local/Caskroom/gcc-arm-embedded/9-2020-q2-update/gcc-arm-none-eabi-9-2020-q2-update/bin/../lib/gcc/arm-none-eabi/9.3.1/../../../../arm-none-eabi/lib/thumb/v7e-m+fp/hard/libc_nano.a(lib_a-signal.o)
                0x0000000008008880                _raise_r
 .text.raise    0x00000000080088d0       0x10 /usr/local/Caskroom/gcc-arm-embedded/9-2020-q2-update/gcc-arm-none-eabi-9-2020-q2-update/bin/../lib/gcc/arm-none-eabi/9.3.1/../../../../arm-none-eabi/lib/thumb/v7e-m+fp/hard/libc_nano.a(lib_a-signal.o)
                0x00000000080088d0                raise
 .text._kill_r  0x00000000080088e0       0x24 /usr/local/Caskroom/gcc-arm-embedded/9-2020-q2-update/gcc-arm-none-eabi-9-2020-q2-update/bin/../lib/gcc/arm-none-eabi/9.3.1/../../../../arm-none-eabi/lib/thumb/v7e-m+fp/hard/libc_nano.a(lib_a-signalr.o)
                0x00000000080088e0                _kill_r
 .text._getpid_r
                0x0000000008008904        0x4 /usr/local/Caskroom/gcc-arm-embedded/9-2020-q2-update/gcc-arm-none-eabi-9-2020-q2-update/bin/../lib/gcc/arm-none-eabi/9.3.1/../../../../arm-none-eabi/lib/thumb/v7e-m+fp/hard/libc_nano.a(lib_a-signalr.o)
                0x0000000008008904                _getpid_r
 .text.__sread  0x0000000008008908       0x22 /usr/local/Caskroom/gcc-arm-embedded/9-2020-q2-update/gcc-arm-none-eabi-9-2020-q2-update/bin/../lib/gcc/arm-none-eabi/9.3.1/../../../../arm-none-eabi/lib/thumb/v7e-m+fp/hard/libc_nano.a(lib_a-stdio.o)
                0x0000000008008908                __sread
 .text.__swrite
                0x000000000800892a       0x38 /usr/local/Caskroom/gcc-arm-embedded/9-2020-q2-update/gcc-arm-none-eabi-9-2020-q2-update/bin/../lib/gcc/arm-none-eabi/9.3.1/../../../../arm-none-eabi/lib/thumb/v7e-m+fp/hard/libc_nano.a(lib_a-stdio.o)
                0x000000000800892a                __swrite
 .text.__sseek  0x0000000008008962       0x24 /usr/local/Caskroom/gcc-arm-embedded/9-2020-q2-update/gcc-arm-none-eabi-9-2020-q2-update/bin/../lib/gcc/arm-none-eabi/9.3.1/../../../../arm-none-eabi/lib/thumb/v7e-m+fp/hard/libc_nano.a(lib_a-stdio.o)
                0x0000000008008962                __sseek
 .text.__sclose
                0x0000000008008986        0x8 /usr/local/Caskroom/gcc-arm-embedded/9-2020-q2-update/gcc-arm-none-eabi-9-2020-q2-update/bin/../lib/gcc/arm-none-eabi/9.3.1/../../../../arm-none-eabi/lib/thumb/v7e-m+fp/hard/libc_nano.a(lib_a-stdio.o)
                0x0000000008008986                __sclose
 *fill*         0x000000000800898e        0x2 
 .text._write_r
                0x0000000008008990       0x24 /usr/local/Caskroom/gcc-arm-embedded/9-2020-q2-update/gcc-arm-none-eabi-9-2020-q2-update/bin/../lib/gcc/arm-none-eabi/9.3.1/../../../../arm-none-eabi/lib/thumb/v7e-m+fp/hard/libc_nano.a(lib_a-writer.o)
                0x0000000008008990                _write_r
 .text._close_r
                0x00000000080089b4       0x20 /usr/local/Caskroom/gcc-arm-embedded/9-2020-q2-update/gcc-arm-none-eabi-9-2020-q2-update/bin/../lib/gcc/arm-none-eabi/9.3.1/../../../../arm-none-eabi/lib/thumb/v7e-m+fp/hard/libc_nano.a(lib_a-closer.o)
                0x00000000080089b4                _close_r
 .text._fstat_r
                0x00000000080089d4       0x24 /usr/local/Caskroom/gcc-arm-embedded/9-2020-q2-update/gcc-arm-none-eabi-9-2020-q2-update/bin/../lib/gcc/arm-none-eabi/9.3.1/../../../../arm-none-eabi/lib/thumb/v7e-m+fp/hard/libc_nano.a(lib_a-fstatr.o)
                0x00000000080089d4                _fstat_r
 .text._isatty_r
                0x00000000080089f8       0x20 /usr/local/Caskroom/gcc-arm-embedded/9-2020-q2-update/gcc-arm-none-eabi-9-2020-q2-update/bin/../lib/gcc/arm-none-eabi/9.3.1/../../../../arm-none-eabi/lib/thumb/v7e-m+fp/hard/libc_nano.a(lib_a-isattyr.o)
                0x00000000080089f8                _isatty_r
 .text._lseek_r
                0x0000000008008a18       0x24 /usr/local/Caskroom/gcc-arm-embedded/9-2020-q2-update/gcc-arm-none-eabi-9-2020-q2-update/bin/../lib/gcc/arm-none-eabi/9.3.1/../../../../arm-none-eabi/lib/thumb/v7e-m+fp/hard/libc_nano.a(lib_a-lseekr.o)
                0x0000000008008a18                _lseek_r
 .text._read_r  0x0000000008008a3c       0x24 /usr/local/Caskroom/gcc-arm-embedded/9-2020-q2-update/gcc-arm-none-eabi-9-2020-q2-update/bin/../lib/gcc/arm-none-eabi/9.3.1/../../../../arm-none-eabi/lib/thumb/v7e-m+fp/hard/libc_nano.a(lib_a-readr.o)
                0x0000000008008a3c                _read_r
 .text._close   0x0000000008008a60       0x10 /usr/local/Caskroom/gcc-arm-embedded/9-2020-q2-update/gcc-arm-none-eabi-9-2020-q2-update/bin/../lib/gcc/arm-none-eabi/9.3.1/../../../../arm-none-eabi/lib/thumb/v7e-m+fp/hard/libnosys.a(close.o)
                0x0000000008008a60                _close
 .text._fstat   0x0000000008008a70       0x10 /usr/local/Caskroom/gcc-arm-embedded/9-2020-q2-update/gcc-arm-none-eabi-9-2020-q2-update/bin/../lib/gcc/arm-none-eabi/9.3.1/../../../../arm-none-eabi/lib/thumb/v7e-m+fp/hard/libnosys.a(fstat.o)
                0x0000000008008a70                _fstat
 .text._getpid  0x0000000008008a80       0x10 /usr/local/Caskroom/gcc-arm-embedded/9-2020-q2-update/gcc-arm-none-eabi-9-2020-q2-update/bin/../lib/gcc/arm-none-eabi/9.3.1/../../../../arm-none-eabi/lib/thumb/v7e-m+fp/hard/libnosys.a(getpid.o)
                0x0000000008008a80                _getpid
 .text._isatty  0x0000000008008a90       0x10 /usr/local/Caskroom/gcc-arm-embedded/9-2020-q2-update/gcc-arm-none-eabi-9-2020-q2-update/bin/../lib/gcc/arm-none-eabi/9.3.1/../../../../arm-none-eabi/lib/thumb/v7e-m+fp/hard/libnosys.a(isatty.o)
                0x0000000008008a90                _isatty
 .text._kill    0x0000000008008aa0       0x10 /usr/local/Caskroom/gcc-arm-embedded/9-2020-q2-update/gcc-arm-none-eabi-9-2020-q2-update/bin/../lib/gcc/arm-none-eabi/9.3.1/../../../../arm-none-eabi/lib/thumb/v7e-m+fp/hard/libnosys.a(kill.o)
                0x0000000008008aa0                _kill
 .text._lseek   0x0000000008008ab0       0x10 /usr/local/Caskroom/gcc-arm-embedded/9-2020-q2-update/gcc-arm-none-eabi-9-2020-q2-update/bin/../lib/gcc/arm-none-eabi/9.3.1/../../../../arm-none-eabi/lib/thumb/v7e-m+fp/hard/libnosys.a(lseek.o)
                0x0000000008008ab0                _lseek
 .text._read    0x0000000008008ac0       0x10 /usr/local/Caskroom/gcc-arm-embedded/9-2020-q2-update/gcc-arm-none-eabi-9-2020-q2-update/bin/../lib/gcc/arm-none-eabi/9.3.1/../../../../arm-none-eabi/lib/thumb/v7e-m+fp/hard/libnosys.a(read.o)
                0x0000000008008ac0                _read
 .text._sbrk    0x0000000008008ad0       0x1c /usr/local/Caskroom/gcc-arm-embedded/9-2020-q2-update/gcc-arm-none-eabi-9-2020-q2-update/bin/../lib/gcc/arm-none-eabi/9.3.1/../../../../arm-none-eabi/lib/thumb/v7e-m+fp/hard/libnosys.a(sbrk.o)
                0x0000000008008ad0                _sbrk
 .text._write   0x0000000008008aec       0x10 /usr/local/Caskroom/gcc-arm-embedded/9-2020-q2-update/gcc-arm-none-eabi-9-2020-q2-update/bin/../lib/gcc/arm-none-eabi/9.3.1/../../../../arm-none-eabi/lib/thumb/v7e-m+fp/hard/libnosys.a(write.o)
                0x0000000008008aec                _write
 .text._exit    0x0000000008008afc        0x4 /usr/local/Caskroom/gcc-arm-embedded/9-2020-q2-update/gcc-arm-none-eabi-9-2020-q2-update/bin/../lib/gcc/arm-none-eabi/9.3.1/../../../../arm-none-eabi/lib/thumb/v7e-m+fp/hard/libnosys.a(_exit.o)
                0x0000000008008afc                _exit
 *(.glue_7)
 .glue_7        0x0000000008008b00        0x0 linker stubs
 *(.glue_7t)
 .glue_7t       0x0000000008008b00        0x0 linker stubs
 *(.eh_frame)
 .eh_frame      0x0000000008008b00        0x0 /usr/local/Caskroom/gcc-arm-embedded/9-2020-q2-update/gcc-arm-none-eabi-9-2020-q2-update/bin/../lib/gcc/arm-none-eabi/9.3.1/thumb/v7e-m+fp/hard/crtbegin.o
 *(.init)
 .init          0x0000000008008b00        0x4 /usr/local/Caskroom/gcc-arm-embedded/9-2020-q2-update/gcc-arm-none-eabi-9-2020-q2-update/bin/../lib/gcc/arm-none-eabi/9.3.1/thumb/v7e-m+fp/hard/crti.o
                0x0000000008008b00                _init
 .init          0x0000000008008b04        0x8 /usr/local/Caskroom/gcc-arm-embedded/9-2020-q2-update/gcc-arm-none-eabi-9-2020-q2-update/bin/../lib/gcc/arm-none-eabi/9.3.1/thumb/v7e-m+fp/hard/crtn.o
 *(.fini)
 .fini          0x0000000008008b0c        0x4 /usr/local/Caskroom/gcc-arm-embedded/9-2020-q2-update/gcc-arm-none-eabi-9-2020-q2-update/bin/../lib/gcc/arm-none-eabi/9.3.1/thumb/v7e-m+fp/hard/crti.o
                0x0000000008008b0c                _fini
 .fini          0x0000000008008b10        0x8 /usr/local/Caskroom/gcc-arm-embedded/9-2020-q2-update/gcc-arm-none-eabi-9-2020-q2-update/bin/../lib/gcc/arm-none-eabi/9.3.1/thumb/v7e-m+fp/hard/crtn.o
                0x0000000008008b18                . = ALIGN (0x4)
                0x0000000008008b18                _etext = .

.vfp11_veneer   0x0000000008008b18        0x0
 .vfp11_veneer  0x0000000008008b18        0x0 linker stubs

.v4_bx          0x0000000008008b18        0x0
 .v4_bx         0x0000000008008b18        0x0 linker stubs

.iplt           0x0000000008008b18        0x0
 .iplt          0x0000000008008b18        0x0 /usr/local/Caskroom/gcc-arm-embedded/9-2020-q2-update/gcc-arm-none-eabi-9-2020-q2-update/bin/../lib/gcc/arm-none-eabi/9.3.1/thumb/v7e-m+fp/hard/crtbegin.o

.rodata         0x0000000008008b18      0x42c
                0x0000000008008b18                . = ALIGN (0x4)
 *(.rodata)
 .rodata        0x0000000008008b18        0x5 _build/tasks.o
 *fill*         0x0000000008008b1d        0x3 
 .rodata        0x0000000008008b20        0xd _build/timers.o
 *fill*         0x0000000008008b2d        0x3 
 .rodata        0x0000000008008b30       0x22 _build/main.o
 *(.rodata*)
 *fill*         0x0000000008008b52        0x2 
 .rodata.AHBPrescTable
                0x0000000008008b54       0x10 _build/system_stm32f4xx.o
                0x0000000008008b54                AHBPrescTable
 .rodata.APBPrescTable
                0x0000000008008b64        0x8 _build/system_stm32f4xx.o
                0x0000000008008b64                APBPrescTable
 .rodata._global_impure_ptr
                0x0000000008008b6c        0x4 /usr/local/Caskroom/gcc-arm-embedded/9-2020-q2-update/gcc-arm-none-eabi-9-2020-q2-update/bin/../lib/gcc/arm-none-eabi/9.3.1/../../../../arm-none-eabi/lib/thumb/v7e-m+fp/hard/libc_nano.a(lib_a-impure.o)
                0x0000000008008b6c                _global_impure_ptr
 .rodata._printf_float.str1.1
                0x0000000008008b70       0x12 /usr/local/Caskroom/gcc-arm-embedded/9-2020-q2-update/gcc-arm-none-eabi-9-2020-q2-update/bin/../lib/gcc/arm-none-eabi/9.3.1/../../../../arm-none-eabi/lib/thumb/v7e-m+fp/hard/libc_nano.a(lib_a-nano-vfprintf_float.o)
 .rodata._printf_i.str1.1
                0x0000000008008b82       0x22 /usr/local/Caskroom/gcc-arm-embedded/9-2020-q2-update/gcc-arm-none-eabi-9-2020-q2-update/bin/../lib/gcc/arm-none-eabi/9.3.1/../../../../arm-none-eabi/lib/thumb/v7e-m+fp/hard/libc_nano.a(lib_a-nano-vfprintf_i.o)
 .rodata._dtoa_r.str1.1
                0x0000000008008ba4       0x8e /usr/local/Caskroom/gcc-arm-embedded/9-2020-q2-update/gcc-arm-none-eabi-9-2020-q2-update/bin/../lib/gcc/arm-none-eabi/9.3.1/../../../../arm-none-eabi/lib/thumb/v7e-m+fp/hard/libc_nano.a(lib_a-dtoa.o)
                                         0x90 (size before relaxing)
 .rodata._Balloc.str1.1
                0x0000000008008c32       0x5a /usr/local/Caskroom/gcc-arm-embedded/9-2020-q2-update/gcc-arm-none-eabi-9-2020-q2-update/bin/../lib/gcc/arm-none-eabi/9.3.1/../../../../arm-none-eabi/lib/thumb/v7e-m+fp/hard/libc_nano.a(lib_a-mprec.o)
                                         0x71 (size before relaxing)
 .rodata.__multadd.str1.1
                0x0000000008008c8c       0x11 /usr/local/Caskroom/gcc-arm-embedded/9-2020-q2-update/gcc-arm-none-eabi-9-2020-q2-update/bin/../lib/gcc/arm-none-eabi/9.3.1/../../../../arm-none-eabi/lib/thumb/v7e-m+fp/hard/libc_nano.a(lib_a-mprec.o)
 *fill*         0x0000000008008c8c        0x4 
 .rodata.__mprec_bigtens
                0x0000000008008c90       0x28 /usr/local/Caskroom/gcc-arm-embedded/9-2020-q2-update/gcc-arm-none-eabi-9-2020-q2-update/bin/../lib/gcc/arm-none-eabi/9.3.1/../../../../arm-none-eabi/lib/thumb/v7e-m+fp/hard/libc_nano.a(lib_a-mprec.o)
                0x0000000008008c90                __mprec_bigtens
 .rodata.__mprec_tens
                0x0000000008008cb8       0xc8 /usr/local/Caskroom/gcc-arm-embedded/9-2020-q2-update/gcc-arm-none-eabi-9-2020-q2-update/bin/../lib/gcc/arm-none-eabi/9.3.1/../../../../arm-none-eabi/lib/thumb/v7e-m+fp/hard/libc_nano.a(lib_a-mprec.o)
                0x0000000008008cb8                __mprec_tens
 .rodata.p05.7513
                0x0000000008008d80        0xc /usr/local/Caskroom/gcc-arm-embedded/9-2020-q2-update/gcc-arm-none-eabi-9-2020-q2-update/bin/../lib/gcc/arm-none-eabi/9.3.1/../../../../arm-none-eabi/lib/thumb/v7e-m+fp/hard/libc_nano.a(lib_a-mprec.o)
 .rodata._svfprintf_r.str1.1
                0x0000000008008d8c       0x11 /usr/local/Caskroom/gcc-arm-embedded/9-2020-q2-update/gcc-arm-none-eabi-9-2020-q2-update/bin/../lib/gcc/arm-none-eabi/9.3.1/../../../../arm-none-eabi/lib/thumb/v7e-m+fp/hard/libc_nano.a(lib_a-nano-svfprintf.o)
 .rodata.__assert_func.str1.1
                0x0000000008008d9d       0x3c /usr/local/Caskroom/gcc-arm-embedded/9-2020-q2-update/gcc-arm-none-eabi-9-2020-q2-update/bin/../lib/gcc/arm-none-eabi/9.3.1/../../../../arm-none-eabi/lib/thumb/v7e-m+fp/hard/libc_nano.a(lib_a-assert.o)
                                         0x3d (size before relaxing)
 .rodata._setlocale_r.str1.1
                0x0000000008008dd9        0x8 /usr/local/Caskroom/gcc-arm-embedded/9-2020-q2-update/gcc-arm-none-eabi-9-2020-q2-update/bin/../lib/gcc/arm-none-eabi/9.3.1/../../../../arm-none-eabi/lib/thumb/v7e-m+fp/hard/libc_nano.a(lib_a-locale.o)
                                          0x9 (size before relaxing)
 .rodata.str1.1
                0x0000000008008de1        0x2 /usr/local/Caskroom/gcc-arm-embedded/9-2020-q2-update/gcc-arm-none-eabi-9-2020-q2-update/bin/../lib/gcc/arm-none-eabi/9.3.1/../../../../arm-none-eabi/lib/thumb/v7e-m+fp/hard/libc_nano.a(lib_a-locale.o)
 .rodata._vfprintf_r.str1.1
                0x0000000008008de3       0x11 /usr/local/Caskroom/gcc-arm-embedded/9-2020-q2-update/gcc-arm-none-eabi-9-2020-q2-update/bin/../lib/gcc/arm-none-eabi/9.3.1/../../../../arm-none-eabi/lib/thumb/v7e-m+fp/hard/libc_nano.a(lib_a-nano-vfprintf.o)
 .rodata._ctype_
                0x0000000008008de3      0x101 /usr/local/Caskroom/gcc-arm-embedded/9-2020-q2-update/gcc-arm-none-eabi-9-2020-q2-update/bin/../lib/gcc/arm-none-eabi/9.3.1/../../../../arm-none-eabi/lib/thumb/v7e-m+fp/hard/libc_nano.a(lib_a-ctype_.o)
                0x0000000008008de3                _ctype_
 .rodata.__sf_fake_stderr
                0x0000000008008ee4       0x20 /usr/local/Caskroom/gcc-arm-embedded/9-2020-q2-update/gcc-arm-none-eabi-9-2020-q2-update/bin/../lib/gcc/arm-none-eabi/9.3.1/../../../../arm-none-eabi/lib/thumb/v7e-m+fp/hard/libc_nano.a(lib_a-findfp.o)
                0x0000000008008ee4                __sf_fake_stderr
 .rodata.__sf_fake_stdin
                0x0000000008008f04       0x20 /usr/local/Caskroom/gcc-arm-embedded/9-2020-q2-update/gcc-arm-none-eabi-9-2020-q2-update/bin/../lib/gcc/arm-none-eabi/9.3.1/../../../../arm-none-eabi/lib/thumb/v7e-m+fp/hard/libc_nano.a(lib_a-findfp.o)
                0x0000000008008f04                __sf_fake_stdin
 .rodata.__sf_fake_stdout
                0x0000000008008f24       0x20 /usr/local/Caskroom/gcc-arm-embedded/9-2020-q2-update/gcc-arm-none-eabi-9-2020-q2-update/bin/../lib/gcc/arm-none-eabi/9.3.1/../../../../arm-none-eabi/lib/thumb/v7e-m+fp/hard/libc_nano.a(lib_a-findfp.o)
                0x0000000008008f24                __sf_fake_stdout
                0x0000000008008f44                . = ALIGN (0x4)

.ARM.extab
 *(.ARM.extab* .gnu.linkonce.armextab.*)

.ARM            0x0000000008008f44        0x8
                0x0000000008008f44                __exidx_start = .
 *(.ARM.exidx*)
 .ARM.exidx     0x0000000008008f44        0x8 /usr/local/Caskroom/gcc-arm-embedded/9-2020-q2-update/gcc-arm-none-eabi-9-2020-q2-update/bin/../lib/gcc/arm-none-eabi/9.3.1/thumb/v7e-m+fp/hard/libgcc.a(_udivmoddi4.o)
                0x0000000008008f4c                __exidx_end = .

.rel.dyn        0x0000000008008f4c        0x0
 .rel.iplt      0x0000000008008f4c        0x0 /usr/local/Caskroom/gcc-arm-embedded/9-2020-q2-update/gcc-arm-none-eabi-9-2020-q2-update/bin/../lib/gcc/arm-none-eabi/9.3.1/thumb/v7e-m+fp/hard/crtbegin.o

.preinit_array  0x0000000008008f4c        0x0
                0x0000000008008f4c                PROVIDE (__preinit_array_start = .)
 *(.preinit_array*)
                0x0000000008008f4c                PROVIDE (__preinit_array_end = .)

.init_array     0x0000000008008f4c        0x4
                0x0000000008008f4c                PROVIDE (__init_array_start = .)
 *(SORT_BY_NAME(.init_array.*))
 *(.init_array*)
 .init_array    0x0000000008008f4c        0x4 /usr/local/Caskroom/gcc-arm-embedded/9-2020-q2-update/gcc-arm-none-eabi-9-2020-q2-update/bin/../lib/gcc/arm-none-eabi/9.3.1/thumb/v7e-m+fp/hard/crtbegin.o
                0x0000000008008f50                PROVIDE (__init_array_end = .)

.fini_array     0x0000000008008f50        0x4
                [!provide]                        PROVIDE (__fini_array_start = .)
 *(SORT_BY_NAME(.fini_array.*))
 *(.fini_array*)
 .fini_array    0x0000000008008f50        0x4 /usr/local/Caskroom/gcc-arm-embedded/9-2020-q2-update/gcc-arm-none-eabi-9-2020-q2-update/bin/../lib/gcc/arm-none-eabi/9.3.1/thumb/v7e-m+fp/hard/crtbegin.o
                [!provide]                        PROVIDE (__fini_array_end = .)
                0x0000000008008f54                _sidata = LOADADDR (.data)

.data           0x0000000020000000      0x1ec load address 0x0000000008008f54
                0x0000000020000000                . = ALIGN (0x4)
                0x0000000020000000                _sdata = .
 *(.data)
 *(.data*)
 .data.uwTickPrio
                0x0000000020000000        0x4 _build/stm32f4xx_hal.o
                0x0000000020000000                uwTickPrio
 .data.uwTickFreq
                0x0000000020000004        0x1 _build/stm32f4xx_hal.o
                0x0000000020000004                uwTickFreq
 *fill*         0x0000000020000005        0x3 
 .data.uxCriticalNesting
                0x0000000020000008        0x4 _build/port.o
 .data.tx_data  0x000000002000000c        0xa _build/main.o
 *fill*         0x0000000020000016        0x2 
 .data.SystemCoreClock
                0x0000000020000018        0x4 _build/system_stm32f4xx.o
                0x0000000020000018                SystemCoreClock
 .data._impure_ptr
                0x000000002000001c        0x4 /usr/local/Caskroom/gcc-arm-embedded/9-2020-q2-update/gcc-arm-none-eabi-9-2020-q2-update/bin/../lib/gcc/arm-none-eabi/9.3.1/../../../../arm-none-eabi/lib/thumb/v7e-m+fp/hard/libc_nano.a(lib_a-impure.o)
                0x000000002000001c                _impure_ptr
 .data.impure_data
                0x0000000020000020       0x60 /usr/local/Caskroom/gcc-arm-embedded/9-2020-q2-update/gcc-arm-none-eabi-9-2020-q2-update/bin/../lib/gcc/arm-none-eabi/9.3.1/../../../../arm-none-eabi/lib/thumb/v7e-m+fp/hard/libc_nano.a(lib_a-impure.o)
 .data.__global_locale
                0x0000000020000080      0x16c /usr/local/Caskroom/gcc-arm-embedded/9-2020-q2-update/gcc-arm-none-eabi-9-2020-q2-update/bin/../lib/gcc/arm-none-eabi/9.3.1/../../../../arm-none-eabi/lib/thumb/v7e-m+fp/hard/libc_nano.a(lib_a-locale.o)
                0x0000000020000080                __global_locale
                0x00000000200001ec                . = ALIGN (0x4)
                0x00000000200001ec                _edata = .

.igot.plt       0x00000000200001ec        0x0 load address 0x0000000008009140
 .igot.plt      0x00000000200001ec        0x0 /usr/local/Caskroom/gcc-arm-embedded/9-2020-q2-update/gcc-arm-none-eabi-9-2020-q2-update/bin/../lib/gcc/arm-none-eabi/9.3.1/thumb/v7e-m+fp/hard/crtbegin.o
                0x00000000200001ec                . = ALIGN (0x4)

.bss            0x00000000200001ec     0x22a4 load address 0x0000000008009140
                0x00000000200001ec                _sbss = .
                0x00000000200001ec                __bss_start__ = _sbss
 *(.bss)
 .bss           0x00000000200001ec       0x1c /usr/local/Caskroom/gcc-arm-embedded/9-2020-q2-update/gcc-arm-none-eabi-9-2020-q2-update/bin/../lib/gcc/arm-none-eabi/9.3.1/thumb/v7e-m+fp/hard/crtbegin.o
 *(.bss*)
 .bss.pxCurrentTCB
                0x0000000020000208        0x4 _build/tasks.o
                0x0000000020000208                pxCurrentTCB
 .bss.pxReadyTasksLists
                0x000000002000020c       0x8c _build/tasks.o
 .bss.xDelayedTaskList1
                0x0000000020000298       0x14 _build/tasks.o
 .bss.xDelayedTaskList2
                0x00000000200002ac       0x14 _build/tasks.o
 .bss.pxDelayedTaskList
                0x00000000200002c0        0x4 _build/tasks.o
 .bss.pxOverflowDelayedTaskList
                0x00000000200002c4        0x4 _build/tasks.o
 .bss.xPendingReadyList
                0x00000000200002c8       0x14 _build/tasks.o
 .bss.xTasksWaitingTermination
                0x00000000200002dc       0x14 _build/tasks.o
 .bss.uxDeletedTasksWaitingCleanUp
                0x00000000200002f0        0x4 _build/tasks.o
 .bss.xSuspendedTaskList
                0x00000000200002f4       0x14 _build/tasks.o
 .bss.uxCurrentNumberOfTasks
                0x0000000020000308        0x4 _build/tasks.o
 .bss.xTickCount
                0x000000002000030c        0x4 _build/tasks.o
 .bss.uxTopReadyPriority
                0x0000000020000310        0x4 _build/tasks.o
 .bss.xSchedulerRunning
                0x0000000020000314        0x4 _build/tasks.o
 .bss.xPendedTicks
                0x0000000020000318        0x4 _build/tasks.o
 .bss.xYieldPending
                0x000000002000031c        0x4 _build/tasks.o
 .bss.xNumOfOverflows
                0x0000000020000320        0x4 _build/tasks.o
 .bss.uxTaskNumber
                0x0000000020000324        0x4 _build/tasks.o
 .bss.xNextTaskUnblockTime
                0x0000000020000328        0x4 _build/tasks.o
 .bss.xIdleTaskHandle
                0x000000002000032c        0x4 _build/tasks.o
 .bss.uxSchedulerSuspended
                0x0000000020000330        0x4 _build/tasks.o
 .bss.xActiveTimerList1
                0x0000000020000334       0x14 _build/timers.o
 .bss.xActiveTimerList2
                0x0000000020000348       0x14 _build/timers.o
 .bss.pxCurrentTimerList
                0x000000002000035c        0x4 _build/timers.o
 .bss.pxOverflowTimerList
                0x0000000020000360        0x4 _build/timers.o
 .bss.xTimerQueue
                0x0000000020000364        0x4 _build/timers.o
 .bss.xTimerTaskHandle
                0x0000000020000368        0x4 _build/timers.o
 .bss.xLastTime.6876
                0x000000002000036c        0x4 _build/timers.o
 .bss.ucHeap    0x0000000020000370     0x2000 _build/heap_4.o
 .bss.xStart    0x0000000020002370        0x8 _build/heap_4.o
 .bss.pxEnd     0x0000000020002378        0x4 _build/heap_4.o
 .bss.xFreeBytesRemaining
                0x000000002000237c        0x4 _build/heap_4.o
 .bss.xMinimumEverFreeBytesRemaining
                0x0000000020002380        0x4 _build/heap_4.o
 .bss.xNumberOfSuccessfulAllocations
                0x0000000020002384        0x4 _build/heap_4.o
 .bss.xNumberOfSuccessfulFrees
                0x0000000020002388        0x4 _build/heap_4.o
 .bss.xBlockAllocatedBit
                0x000000002000238c        0x4 _build/heap_4.o
 .bss.ucMaxSysCallPriority
                0x0000000020002390        0x1 _build/port.o
 *fill*         0x0000000020002391        0x3 
 .bss.ulMaxPRIGROUPValue
                0x0000000020002394        0x4 _build/port.o
 .bss.handle    0x0000000020002398       0x40 _build/logger.o
 .bss.handle    0x00000000200023d8       0x54 _build/i2c.o
 .bss.isOSStarted
                0x000000002000242c        0x4 _build/stm32f4xx_it.o
 .bss.__malloc_free_list
                0x0000000020002430        0x4 /usr/local/Caskroom/gcc-arm-embedded/9-2020-q2-update/gcc-arm-none-eabi-9-2020-q2-update/bin/../lib/gcc/arm-none-eabi/9.3.1/../../../../arm-none-eabi/lib/thumb/v7e-m+fp/hard/libc_nano.a(lib_a-nano-mallocr.o)
                0x0000000020002430                __malloc_free_list
 .bss.__malloc_sbrk_start
                0x0000000020002434        0x4 /usr/local/Caskroom/gcc-arm-embedded/9-2020-q2-update/gcc-arm-none-eabi-9-2020-q2-update/bin/../lib/gcc/arm-none-eabi/9.3.1/../../../../arm-none-eabi/lib/thumb/v7e-m+fp/hard/libc_nano.a(lib_a-nano-mallocr.o)
                0x0000000020002434                __malloc_sbrk_start
 .bss.heap_end.5507
                0x0000000020002438        0x4 /usr/local/Caskroom/gcc-arm-embedded/9-2020-q2-update/gcc-arm-none-eabi-9-2020-q2-update/bin/../lib/gcc/arm-none-eabi/9.3.1/../../../../arm-none-eabi/lib/thumb/v7e-m+fp/hard/libnosys.a(sbrk.o)
 *(COMMON)
 COMMON         0x000000002000243c        0x4 _build/stm32f4xx_hal.o
                0x000000002000243c                uwTick
 COMMON         0x0000000020002440       0x40 _build/queue.o
                0x0000000020002440                xQueueRegistry
 COMMON         0x0000000020002480        0x4 /usr/local/Caskroom/gcc-arm-embedded/9-2020-q2-update/gcc-arm-none-eabi-9-2020-q2-update/bin/../lib/gcc/arm-none-eabi/9.3.1/../../../../arm-none-eabi/lib/thumb/v7e-m+fp/hard/libc_nano.a(lib_a-reent.o)
                0x0000000020002480                errno
 COMMON         0x0000000020002484        0x9 /usr/local/Caskroom/gcc-arm-embedded/9-2020-q2-update/gcc-arm-none-eabi-9-2020-q2-update/bin/../lib/gcc/arm-none-eabi/9.3.1/../../../../arm-none-eabi/lib/thumb/v7e-m+fp/hard/libc_nano.a(lib_a-lock.o)
                0x0000000020002484                __lock___atexit_recursive_mutex
                0x0000000020002485                __lock___arc4random_mutex
                0x0000000020002486                __lock___env_recursive_mutex
                0x0000000020002487                __lock___sinit_recursive_mutex
                0x0000000020002488                __lock___malloc_recursive_mutex
                0x0000000020002489                __lock___at_quick_exit_mutex
                0x000000002000248a                __lock___dd_hash_mutex
                0x000000002000248b                __lock___tz_mutex
                0x000000002000248c                __lock___sfp_recursive_mutex
                0x0000000020002490                . = ALIGN (0x4)
 *fill*         0x000000002000248d        0x3 
                0x0000000020002490                _ebss = .
                0x0000000020002490                __bss_end__ = _ebss

._user_heap_stack
                0x0000000020002490      0x600 load address 0x0000000008009140
                0x0000000020002490                . = ALIGN (0x8)
                0x0000000020002490                PROVIDE (end = .)
                [!provide]                        PROVIDE (_end = .)
                0x0000000020002690                . = (. + _Min_Heap_Size)
 *fill*         0x0000000020002490      0x200 
                0x0000000020002a90                . = (. + _Min_Stack_Size)
 *fill*         0x0000000020002690      0x400 
                0x0000000020002a90                . = ALIGN (0x8)

/DISCARD/
 libc.a(*)
 libm.a(*)
 libgcc.a(*)

.ARM.attributes
                0x0000000000000000       0x30
 *(.ARM.attributes)
 .ARM.attributes
                0x0000000000000000       0x1e /usr/local/Caskroom/gcc-arm-embedded/9-2020-q2-update/gcc-arm-none-eabi-9-2020-q2-update/bin/../lib/gcc/arm-none-eabi/9.3.1/thumb/v7e-m+fp/hard/crti.o
 .ARM.attributes
                0x000000000000001e       0x34 /usr/local/Caskroom/gcc-arm-embedded/9-2020-q2-update/gcc-arm-none-eabi-9-2020-q2-update/bin/../lib/gcc/arm-none-eabi/9.3.1/thumb/v7e-m+fp/hard/crtbegin.o
 .ARM.attributes
                0x0000000000000052       0x34 _build/stm32f4xx_hal.o
 .ARM.attributes
                0x0000000000000086       0x34 _build/stm32f4xx_hal_cortex.o
 .ARM.attributes
                0x00000000000000ba       0x34 _build/stm32f4xx_hal_gpio.o
 .ARM.attributes
                0x00000000000000ee       0x34 _build/stm32f4xx_hal_rcc.o
 .ARM.attributes
                0x0000000000000122       0x34 _build/stm32f4xx_hal_uart.o
 .ARM.attributes
                0x0000000000000156       0x34 _build/stm32f4xx_hal_i2c.o
 .ARM.attributes
                0x000000000000018a       0x34 _build/bsp.o
 .ARM.attributes
                0x00000000000001be       0x34 _build/tasks.o
 .ARM.attributes
                0x00000000000001f2       0x34 _build/queue.o
 .ARM.attributes
                0x0000000000000226       0x34 _build/list.o
 .ARM.attributes
                0x000000000000025a       0x34 _build/timers.o
 .ARM.attributes
                0x000000000000028e       0x34 _build/heap_4.o
 .ARM.attributes
                0x00000000000002c2       0x34 _build/port.o
 .ARM.attributes
                0x00000000000002f6       0x34 _build/main.o
 .ARM.attributes
                0x000000000000032a       0x34 _build/logger.o
 .ARM.attributes
                0x000000000000035e       0x34 _build/i2c.o
 .ARM.attributes
                0x0000000000000392       0x34 _build/stm32f4xx_it.o
 .ARM.attributes
                0x00000000000003c6       0x34 _build/system_stm32f4xx.o
 .ARM.attributes
                0x00000000000003fa       0x21 _build/startup_stm32f412zx.o
 .ARM.attributes
                0x000000000000041b       0x32 /usr/local/Caskroom/gcc-arm-embedded/9-2020-q2-update/gcc-arm-none-eabi-9-2020-q2-update/bin/../lib/gcc/arm-none-eabi/9.3.1/../../../../arm-none-eabi/lib/thumb/v7e-m+fp/hard/libc_nano.a(lib_a-impure.o)
 .ARM.attributes
                0x000000000000044d       0x34 /usr/local/Caskroom/gcc-arm-embedded/9-2020-q2-update/gcc-arm-none-eabi-9-2020-q2-update/bin/../lib/gcc/arm-none-eabi/9.3.1/../../../../arm-none-eabi/lib/thumb/v7e-m+fp/hard/libc_nano.a(lib_a-init.o)
 .ARM.attributes
                0x0000000000000481       0x34 /usr/local/Caskroom/gcc-arm-embedded/9-2020-q2-update/gcc-arm-none-eabi-9-2020-q2-update/bin/../lib/gcc/arm-none-eabi/9.3.1/../../../../arm-none-eabi/lib/thumb/v7e-m+fp/hard/libc_nano.a(lib_a-memcpy-stub.o)
 .ARM.attributes
                0x00000000000004b5       0x34 /usr/local/Caskroom/gcc-arm-embedded/9-2020-q2-update/gcc-arm-none-eabi-9-2020-q2-update/bin/../lib/gcc/arm-none-eabi/9.3.1/../../../../arm-none-eabi/lib/thumb/v7e-m+fp/hard/libc_nano.a(lib_a-memset.o)
 .ARM.attributes
                0x00000000000004e9       0x34 /usr/local/Caskroom/gcc-arm-embedded/9-2020-q2-update/gcc-arm-none-eabi-9-2020-q2-update/bin/../lib/gcc/arm-none-eabi/9.3.1/../../../../arm-none-eabi/lib/thumb/v7e-m+fp/hard/libc_nano.a(lib_a-nano-vfprintf_float.o)
 .ARM.attributes
                0x000000000000051d       0x34 /usr/local/Caskroom/gcc-arm-embedded/9-2020-q2-update/gcc-arm-none-eabi-9-2020-q2-update/bin/../lib/gcc/arm-none-eabi/9.3.1/../../../../arm-none-eabi/lib/thumb/v7e-m+fp/hard/libc_nano.a(lib_a-nano-vfprintf_i.o)
 .ARM.attributes
                0x0000000000000551       0x34 /usr/local/Caskroom/gcc-arm-embedded/9-2020-q2-update/gcc-arm-none-eabi-9-2020-q2-update/bin/../lib/gcc/arm-none-eabi/9.3.1/../../../../arm-none-eabi/lib/thumb/v7e-m+fp/hard/libc_nano.a(lib_a-sprintf.o)
 .ARM.attributes
                0x0000000000000585       0x17 /usr/local/Caskroom/gcc-arm-embedded/9-2020-q2-update/gcc-arm-none-eabi-9-2020-q2-update/bin/../lib/gcc/arm-none-eabi/9.3.1/../../../../arm-none-eabi/lib/thumb/v7e-m+fp/hard/libc_nano.a(lib_a-strlen.o)
 .ARM.attributes
                0x000000000000059c       0x34 /usr/local/Caskroom/gcc-arm-embedded/9-2020-q2-update/gcc-arm-none-eabi-9-2020-q2-update/bin/../lib/gcc/arm-none-eabi/9.3.1/../../../../arm-none-eabi/lib/thumb/v7e-m+fp/hard/libc_nano.a(lib_a-dtoa.o)
 .ARM.attributes
                0x00000000000005d0       0x34 /usr/local/Caskroom/gcc-arm-embedded/9-2020-q2-update/gcc-arm-none-eabi-9-2020-q2-update/bin/../lib/gcc/arm-none-eabi/9.3.1/../../../../arm-none-eabi/lib/thumb/v7e-m+fp/hard/libc_nano.a(lib_a-localeconv.o)
 .ARM.attributes
                0x0000000000000604       0x34 /usr/local/Caskroom/gcc-arm-embedded/9-2020-q2-update/gcc-arm-none-eabi-9-2020-q2-update/bin/../lib/gcc/arm-none-eabi/9.3.1/../../../../arm-none-eabi/lib/thumb/v7e-m+fp/hard/libc_nano.a(lib_a-malloc.o)
 .ARM.attributes
                0x0000000000000638       0x1c /usr/local/Caskroom/gcc-arm-embedded/9-2020-q2-update/gcc-arm-none-eabi-9-2020-q2-update/bin/../lib/gcc/arm-none-eabi/9.3.1/../../../../arm-none-eabi/lib/thumb/v7e-m+fp/hard/libc_nano.a(lib_a-memchr.o)
 .ARM.attributes
                0x0000000000000654       0x34 /usr/local/Caskroom/gcc-arm-embedded/9-2020-q2-update/gcc-arm-none-eabi-9-2020-q2-update/bin/../lib/gcc/arm-none-eabi/9.3.1/../../../../arm-none-eabi/lib/thumb/v7e-m+fp/hard/libc_nano.a(lib_a-mprec.o)
 .ARM.attributes
                0x0000000000000688       0x34 /usr/local/Caskroom/gcc-arm-embedded/9-2020-q2-update/gcc-arm-none-eabi-9-2020-q2-update/bin/../lib/gcc/arm-none-eabi/9.3.1/../../../../arm-none-eabi/lib/thumb/v7e-m+fp/hard/libc_nano.a(lib_a-nano-callocr.o)
 .ARM.attributes
                0x00000000000006bc       0x34 /usr/local/Caskroom/gcc-arm-embedded/9-2020-q2-update/gcc-arm-none-eabi-9-2020-q2-update/bin/../lib/gcc/arm-none-eabi/9.3.1/../../../../arm-none-eabi/lib/thumb/v7e-m+fp/hard/libc_nano.a(lib_a-nano-freer.o)
 .ARM.attributes
                0x00000000000006f0       0x34 /usr/local/Caskroom/gcc-arm-embedded/9-2020-q2-update/gcc-arm-none-eabi-9-2020-q2-update/bin/../lib/gcc/arm-none-eabi/9.3.1/../../../../arm-none-eabi/lib/thumb/v7e-m+fp/hard/libc_nano.a(lib_a-nano-mallocr.o)
 .ARM.attributes
                0x0000000000000724       0x34 /usr/local/Caskroom/gcc-arm-embedded/9-2020-q2-update/gcc-arm-none-eabi-9-2020-q2-update/bin/../lib/gcc/arm-none-eabi/9.3.1/../../../../arm-none-eabi/lib/thumb/v7e-m+fp/hard/libc_nano.a(lib_a-nano-svfprintf.o)
 .ARM.attributes
                0x0000000000000758       0x34 /usr/local/Caskroom/gcc-arm-embedded/9-2020-q2-update/gcc-arm-none-eabi-9-2020-q2-update/bin/../lib/gcc/arm-none-eabi/9.3.1/../../../../arm-none-eabi/lib/thumb/v7e-m+fp/hard/libc_nano.a(lib_a-sbrkr.o)
 .ARM.attributes
                0x000000000000078c       0x34 /usr/local/Caskroom/gcc-arm-embedded/9-2020-q2-update/gcc-arm-none-eabi-9-2020-q2-update/bin/../lib/gcc/arm-none-eabi/9.3.1/../../../../arm-none-eabi/lib/thumb/v7e-m+fp/hard/libc_nano.a(lib_a-assert.o)
 .ARM.attributes
                0x00000000000007c0       0x34 /usr/local/Caskroom/gcc-arm-embedded/9-2020-q2-update/gcc-arm-none-eabi-9-2020-q2-update/bin/../lib/gcc/arm-none-eabi/9.3.1/../../../../arm-none-eabi/lib/thumb/v7e-m+fp/hard/libc_nano.a(lib_a-fprintf.o)
 .ARM.attributes
                0x00000000000007f4       0x34 /usr/local/Caskroom/gcc-arm-embedded/9-2020-q2-update/gcc-arm-none-eabi-9-2020-q2-update/bin/../lib/gcc/arm-none-eabi/9.3.1/../../../../arm-none-eabi/lib/thumb/v7e-m+fp/hard/libc_nano.a(lib_a-locale.o)
 .ARM.attributes
                0x0000000000000828       0x34 /usr/local/Caskroom/gcc-arm-embedded/9-2020-q2-update/gcc-arm-none-eabi-9-2020-q2-update/bin/../lib/gcc/arm-none-eabi/9.3.1/../../../../arm-none-eabi/lib/thumb/v7e-m+fp/hard/libc_nano.a(lib_a-mbtowc_r.o)
 .ARM.attributes
                0x000000000000085c       0x34 /usr/local/Caskroom/gcc-arm-embedded/9-2020-q2-update/gcc-arm-none-eabi-9-2020-q2-update/bin/../lib/gcc/arm-none-eabi/9.3.1/../../../../arm-none-eabi/lib/thumb/v7e-m+fp/hard/libc_nano.a(lib_a-memmove.o)
 .ARM.attributes
                0x0000000000000890       0x34 /usr/local/Caskroom/gcc-arm-embedded/9-2020-q2-update/gcc-arm-none-eabi-9-2020-q2-update/bin/../lib/gcc/arm-none-eabi/9.3.1/../../../../arm-none-eabi/lib/thumb/v7e-m+fp/hard/libc_nano.a(lib_a-mlock.o)
 .ARM.attributes
                0x00000000000008c4       0x34 /usr/local/Caskroom/gcc-arm-embedded/9-2020-q2-update/gcc-arm-none-eabi-9-2020-q2-update/bin/../lib/gcc/arm-none-eabi/9.3.1/../../../../arm-none-eabi/lib/thumb/v7e-m+fp/hard/libc_nano.a(lib_a-nano-reallocr.o)
 .ARM.attributes
                0x00000000000008f8       0x34 /usr/local/Caskroom/gcc-arm-embedded/9-2020-q2-update/gcc-arm-none-eabi-9-2020-q2-update/bin/../lib/gcc/arm-none-eabi/9.3.1/../../../../arm-none-eabi/lib/thumb/v7e-m+fp/hard/libc_nano.a(lib_a-nano-vfprintf.o)
 .ARM.attributes
                0x000000000000092c       0x34 /usr/local/Caskroom/gcc-arm-embedded/9-2020-q2-update/gcc-arm-none-eabi-9-2020-q2-update/bin/../lib/gcc/arm-none-eabi/9.3.1/../../../../arm-none-eabi/lib/thumb/v7e-m+fp/hard/libc_nano.a(lib_a-reent.o)
 .ARM.attributes
                0x0000000000000960       0x34 /usr/local/Caskroom/gcc-arm-embedded/9-2020-q2-update/gcc-arm-none-eabi-9-2020-q2-update/bin/../lib/gcc/arm-none-eabi/9.3.1/../../../../arm-none-eabi/lib/thumb/v7e-m+fp/hard/libc_nano.a(lib_a-wbuf.o)
 .ARM.attributes
                0x0000000000000994       0x34 /usr/local/Caskroom/gcc-arm-embedded/9-2020-q2-update/gcc-arm-none-eabi-9-2020-q2-update/bin/../lib/gcc/arm-none-eabi/9.3.1/../../../../arm-none-eabi/lib/thumb/v7e-m+fp/hard/libc_nano.a(lib_a-wctomb_r.o)
 .ARM.attributes
                0x00000000000009c8       0x34 /usr/local/Caskroom/gcc-arm-embedded/9-2020-q2-update/gcc-arm-none-eabi-9-2020-q2-update/bin/../lib/gcc/arm-none-eabi/9.3.1/../../../../arm-none-eabi/lib/thumb/v7e-m+fp/hard/libc_nano.a(lib_a-wsetup.o)
 .ARM.attributes
                0x00000000000009fc       0x34 /usr/local/Caskroom/gcc-arm-embedded/9-2020-q2-update/gcc-arm-none-eabi-9-2020-q2-update/bin/../lib/gcc/arm-none-eabi/9.3.1/../../../../arm-none-eabi/lib/thumb/v7e-m+fp/hard/libc_nano.a(lib_a-abort.o)
 .ARM.attributes
                0x0000000000000a30       0x32 /usr/local/Caskroom/gcc-arm-embedded/9-2020-q2-update/gcc-arm-none-eabi-9-2020-q2-update/bin/../lib/gcc/arm-none-eabi/9.3.1/../../../../arm-none-eabi/lib/thumb/v7e-m+fp/hard/libc_nano.a(lib_a-ctype_.o)
 .ARM.attributes
                0x0000000000000a62       0x34 /usr/local/Caskroom/gcc-arm-embedded/9-2020-q2-update/gcc-arm-none-eabi-9-2020-q2-update/bin/../lib/gcc/arm-none-eabi/9.3.1/../../../../arm-none-eabi/lib/thumb/v7e-m+fp/hard/libc_nano.a(lib_a-fflush.o)
 .ARM.attributes
                0x0000000000000a96       0x34 /usr/local/Caskroom/gcc-arm-embedded/9-2020-q2-update/gcc-arm-none-eabi-9-2020-q2-update/bin/../lib/gcc/arm-none-eabi/9.3.1/../../../../arm-none-eabi/lib/thumb/v7e-m+fp/hard/libc_nano.a(lib_a-findfp.o)
 .ARM.attributes
                0x0000000000000aca       0x34 /usr/local/Caskroom/gcc-arm-embedded/9-2020-q2-update/gcc-arm-none-eabi-9-2020-q2-update/bin/../lib/gcc/arm-none-eabi/9.3.1/../../../../arm-none-eabi/lib/thumb/v7e-m+fp/hard/libc_nano.a(lib_a-fwalk.o)
 .ARM.attributes
                0x0000000000000afe       0x34 /usr/local/Caskroom/gcc-arm-embedded/9-2020-q2-update/gcc-arm-none-eabi-9-2020-q2-update/bin/../lib/gcc/arm-none-eabi/9.3.1/../../../../arm-none-eabi/lib/thumb/v7e-m+fp/hard/libc_nano.a(lib_a-lock.o)
 .ARM.attributes
                0x0000000000000b32       0x34 /usr/local/Caskroom/gcc-arm-embedded/9-2020-q2-update/gcc-arm-none-eabi-9-2020-q2-update/bin/../lib/gcc/arm-none-eabi/9.3.1/../../../../arm-none-eabi/lib/thumb/v7e-m+fp/hard/libc_nano.a(lib_a-makebuf.o)
 .ARM.attributes
                0x0000000000000b66       0x34 /usr/local/Caskroom/gcc-arm-embedded/9-2020-q2-update/gcc-arm-none-eabi-9-2020-q2-update/bin/../lib/gcc/arm-none-eabi/9.3.1/../../../../arm-none-eabi/lib/thumb/v7e-m+fp/hard/libc_nano.a(lib_a-nano-msizer.o)
 .ARM.attributes
                0x0000000000000b9a       0x34 /usr/local/Caskroom/gcc-arm-embedded/9-2020-q2-update/gcc-arm-none-eabi-9-2020-q2-update/bin/../lib/gcc/arm-none-eabi/9.3.1/../../../../arm-none-eabi/lib/thumb/v7e-m+fp/hard/libc_nano.a(lib_a-signal.o)
 .ARM.attributes
                0x0000000000000bce       0x34 /usr/local/Caskroom/gcc-arm-embedded/9-2020-q2-update/gcc-arm-none-eabi-9-2020-q2-update/bin/../lib/gcc/arm-none-eabi/9.3.1/../../../../arm-none-eabi/lib/thumb/v7e-m+fp/hard/libc_nano.a(lib_a-signalr.o)
 .ARM.attributes
                0x0000000000000c02       0x34 /usr/local/Caskroom/gcc-arm-embedded/9-2020-q2-update/gcc-arm-none-eabi-9-2020-q2-update/bin/../lib/gcc/arm-none-eabi/9.3.1/../../../../arm-none-eabi/lib/thumb/v7e-m+fp/hard/libc_nano.a(lib_a-stdio.o)
 .ARM.attributes
                0x0000000000000c36       0x34 /usr/local/Caskroom/gcc-arm-embedded/9-2020-q2-update/gcc-arm-none-eabi-9-2020-q2-update/bin/../lib/gcc/arm-none-eabi/9.3.1/../../../../arm-none-eabi/lib/thumb/v7e-m+fp/hard/libc_nano.a(lib_a-writer.o)
 .ARM.attributes
                0x0000000000000c6a       0x34 /usr/local/Caskroom/gcc-arm-embedded/9-2020-q2-update/gcc-arm-none-eabi-9-2020-q2-update/bin/../lib/gcc/arm-none-eabi/9.3.1/../../../../arm-none-eabi/lib/thumb/v7e-m+fp/hard/libc_nano.a(lib_a-closer.o)
 .ARM.attributes
                0x0000000000000c9e       0x34 /usr/local/Caskroom/gcc-arm-embedded/9-2020-q2-update/gcc-arm-none-eabi-9-2020-q2-update/bin/../lib/gcc/arm-none-eabi/9.3.1/../../../../arm-none-eabi/lib/thumb/v7e-m+fp/hard/libc_nano.a(lib_a-fstatr.o)
 .ARM.attributes
                0x0000000000000cd2       0x34 /usr/local/Caskroom/gcc-arm-embedded/9-2020-q2-update/gcc-arm-none-eabi-9-2020-q2-update/bin/../lib/gcc/arm-none-eabi/9.3.1/../../../../arm-none-eabi/lib/thumb/v7e-m+fp/hard/libc_nano.a(lib_a-isattyr.o)
 .ARM.attributes
                0x0000000000000d06       0x34 /usr/local/Caskroom/gcc-arm-embedded/9-2020-q2-update/gcc-arm-none-eabi-9-2020-q2-update/bin/../lib/gcc/arm-none-eabi/9.3.1/../../../../arm-none-eabi/lib/thumb/v7e-m+fp/hard/libc_nano.a(lib_a-lseekr.o)
 .ARM.attributes